Release 14.3 - xst P.40xd (nt)
Copyright (c) 1995-2012 Xilinx, Inc.  All rights reserved.
--> Parameter TMPDIR set to xst/projnav.tmp


Total REAL time to Xst completion: 0.00 secs
Total CPU time to Xst completion: 0.14 secs
 
--> Parameter xsthdpdir set to xst


Total REAL time to Xst completion: 0.00 secs
Total CPU time to Xst completion: 0.14 secs
 
--> Reading design: ns3da3test.prj

TABLE OF CONTENTS
  1) Synthesis Options Summary
  2) HDL Parsing
  3) HDL Elaboration
  4) HDL Synthesis
       4.1) HDL Synthesis Report
  5) Advanced HDL Synthesis
       5.1) Advanced HDL Synthesis Report
  6) Low Level Synthesis
  7) Partition Report
  8) Design Summary
       8.1) Primitive and Black Box Usage
       8.2) Device utilization summary
       8.3) Partition Resource Summary
       8.4) Timing Report
            8.4.1) Clock Information
            8.4.2) Asynchronous Control Signals Information
            8.4.3) Timing Summary
            8.4.4) Timing Details
            8.4.5) Cross Clock Domains Report


=========================================================================
*                      Synthesis Options Summary                        *
=========================================================================
---- Source Parameters
Input File Name                    : "ns3da3test.prj"
Ignore Synthesis Constraint File   : NO

---- Target Parameters
Output File Name                   : "ns3da3test"
Output Format                      : NGC
Target Device                      : xc6slx16-3-csg324

---- Source Options
Top Module Name                    : ns3da3test
Automatic FSM Extraction           : YES
FSM Encoding Algorithm             : Auto
Safe Implementation                : No
FSM Style                          : LUT
RAM Extraction                     : Yes
RAM Style                          : Auto
ROM Extraction                     : Yes
Shift Register Extraction          : YES
ROM Style                          : Auto
Resource Sharing                   : YES
Asynchronous To Synchronous        : NO
Shift Register Minimum Size        : 2
Use DSP Block                      : Auto
Automatic Register Balancing       : No

---- Target Options
LUT Combining                      : Auto
Reduce Control Sets                : Auto
Add IO Buffers                     : YES
Global Maximum Fanout              : 100000
Add Generic Clock Buffer(BUFG)     : 16
Register Duplication               : YES
Optimize Instantiated Primitives   : NO
Use Clock Enable                   : Auto
Use Synchronous Set                : Auto
Use Synchronous Reset              : Auto
Pack IO Registers into IOBs        : Auto
Equivalent register Removal        : YES

---- General Options
Optimization Goal                  : Speed
Optimization Effort                : 1
Power Reduction                    : NO
Keep Hierarchy                     : No
Netlist Hierarchy                  : As_Optimized
RTL Output                         : Yes
Global Optimization                : AllClockNets
Read Cores                         : YES
Write Timing Constraints           : NO
Cross Clock Analysis               : NO
Hierarchy Separator                : /
Bus Delimiter                      : <>
Case Specifier                     : Maintain
Slice Utilization Ratio            : 100
BRAM Utilization Ratio             : 100
DSP48 Utilization Ratio            : 100
Auto BRAM Packing                  : NO
Slice Utilization Ratio Delta      : 5

=========================================================================


=========================================================================
*                          HDL Parsing                                  *
=========================================================================
Analyzing Verilog file "C:\s6EDPGA-v14\Chapter 3\peripherals\da3dac.v" into library work
Parsing module <da3dac>.
Analyzing Verilog file "C:\s6EDPGA-v14\Chapter 3\DACtest\ns3da3test\ns3da3test.v" into library work
Parsing module <ns3da3test>.
Parsing module <gendac>.

=========================================================================
*                            HDL Elaboration                            *
=========================================================================

Elaborating module <ns3da3test>.

Elaborating module <da3dac>.

Elaborating module <gendac>.
WARNING:HDLCompiler:413 - "C:\s6EDPGA-v14\Chapter 3\DACtest\ns3da3test\ns3da3test.v" Line 29: Result of 17-bit expression is truncated to fit in 16-bit target.

=========================================================================
*                           HDL Synthesis                               *
=========================================================================

Synthesizing Unit <ns3da3test>.
    Related source file is "C:\s6EDPGA-v14\Chapter 3\DACtest\ns3da3test\ns3da3test.v".
    Summary:
	no macro.
Unit <ns3da3test> synthesized.

Synthesizing Unit <da3dac>.
    Related source file is "C:\s6EDPGA-v14\Chapter 3\peripherals\da3dac.v".
WARNING:Xst:2935 - Signal 'dacld', unconnected in block 'da3dac', is tied to its initial value (0).
    Found 1-bit register for signal <daccs>.
    Found 1-bit register for signal <dacsck>.
    Found 1-bit register for signal <davdac>.
    Found 1-bit register for signal <dacout>.
    Found 6-bit register for signal <dacstate>.
    Found 64x6-bit Read Only RAM for signal <dacstate[5]_PWR_2_o_wide_mux_5_OUT>
    Summary:
	inferred   1 RAM(s).
	inferred  10 D-type flip-flop(s).
	inferred  26 Multiplexer(s).
Unit <da3dac> synthesized.

Synthesizing Unit <gendac>.
    Related source file is "C:\s6EDPGA-v14\Chapter 3\DACtest\ns3da3test\ns3da3test.v".
    Found 1-bit register for signal <dacdav>.
    Found 16-bit register for signal <dacdata>.
    Found 2-bit register for signal <gstate>.
    Found finite state machine <FSM_0> for signal <gstate>.
    -----------------------------------------------------------------------
    | States             | 3                                              |
    | Transitions        | 4                                              |
    | Inputs             | 1                                              |
    | Outputs            | 3                                              |
    | Clock              | genclk (rising_edge)                           |
    | Power Up State     | 00                                             |
    | Encoding           | auto                                           |
    | Implementation     | LUT                                            |
    -----------------------------------------------------------------------
    Found 16-bit adder for signal <dacdata[15]_GND_3_o_add_1_OUT> created at line 29.
    Summary:
	inferred   1 Adder/Subtractor(s).
	inferred  17 D-type flip-flop(s).
	inferred   1 Finite State Machine(s).
Unit <gendac> synthesized.

=========================================================================
HDL Synthesis Report

Macro Statistics
# RAMs                                                 : 1
 64x6-bit single-port Read Only RAM                    : 1
# Adders/Subtractors                                   : 1
 16-bit adder                                          : 1
# Registers                                            : 7
 1-bit register                                        : 5
 16-bit register                                       : 1
 6-bit register                                        : 1
# Multiplexers                                         : 26
 1-bit 2-to-1 multiplexer                              : 24
 6-bit 2-to-1 multiplexer                              : 2
# FSMs                                                 : 1

=========================================================================

=========================================================================
*                       Advanced HDL Synthesis                          *
=========================================================================


Synthesizing (advanced) Unit <da3dac>.
INFO:Xst:3231 - The small RAM <Mram_dacstate[5]_PWR_2_o_wide_mux_5_OUT> will be implemented on LUTs in order to maximize performance and save block RAM resources. If you want to force its implementation on block, use option/constraint ram_style.
    -----------------------------------------------------------------------
    | ram_type           | Distributed                         |          |
    -----------------------------------------------------------------------
    | Port A                                                              |
    |     aspect ratio   | 64-word x 6-bit                     |          |
    |     weA            | connected to signal <GND>           | high     |
    |     addrA          | connected to signal <dacstate[5]_GND_2_o_mux_2_OUT> |          |
    |     diA            | connected to signal <GND>           |          |
    |     doA            | connected to internal node          |          |
    -----------------------------------------------------------------------
Unit <da3dac> synthesized (advanced).

Synthesizing (advanced) Unit <gendac>.
The following registers are absorbed into counter <dacdata>: 1 register on signal <dacdata>.
Unit <gendac> synthesized (advanced).

=========================================================================
Advanced HDL Synthesis Report

Macro Statistics
# RAMs                                                 : 1
 64x6-bit single-port distributed Read Only RAM        : 1
# Counters                                             : 1
 16-bit up counter                                     : 1
# Registers                                            : 11
 Flip-Flops                                            : 11
# Multiplexers                                         : 26
 1-bit 2-to-1 multiplexer                              : 24
 6-bit 2-to-1 multiplexer                              : 2
# FSMs                                                 : 1

=========================================================================

=========================================================================
*                         Low Level Synthesis                           *
=========================================================================
Analyzing FSM <MFsm> for best encoding.
Optimizing FSM <FSM_0> on signal <gstate[1:2]> with user encoding.
-------------------
 State | Encoding
-------------------
 00    | 00
 01    | 01
 10    | 10
-------------------

Optimizing unit <ns3da3test> ...

Optimizing unit <da3dac> ...

Mapping all equations...
Building and optimizing final netlist ...
Found area constraint ratio of 100 (+ 5) on block ns3da3test, actual ratio is 0.
FlipFlop M1/dacdav has been replicated 2 time(s)

Final Macro Processing ...

=========================================================================
Final Register Report

Macro Statistics
# Registers                                            : 31
 Flip-Flops                                            : 31

=========================================================================

=========================================================================
*                           Partition Report                            *
=========================================================================

Partition Implementation Status
-------------------------------

  No Partitions were found in this design.

-------------------------------

=========================================================================
*                            Design Summary                             *
=========================================================================

Top Level Output File Name         : ns3da3test.ngc

Primitive and Black Box Usage:
------------------------------
# BELS                             : 88
#      GND                         : 1
#      INV                         : 1
#      LUT1                        : 15
#      LUT2                        : 8
#      LUT3                        : 2
#      LUT4                        : 14
#      LUT5                        : 2
#      LUT6                        : 11
#      MUXCY                       : 15
#      MUXF7                       : 2
#      VCC                         : 1
#      XORCY                       : 16
# FlipFlops/Latches                : 31
#      FD                          : 13
#      FDE                         : 18
# Clock Buffers                    : 1
#      BUFGP                       : 1
# IO Buffers                       : 4
#      OBUF                        : 4

Device utilization summary:
---------------------------

Selected Device : 6slx16csg324-3 


Slice Logic Utilization: 
 Number of Slice Registers:              31  out of  18224     0%  
 Number of Slice LUTs:                   53  out of   9112     0%  
    Number used as Logic:                53  out of   9112     0%  

Slice Logic Distribution: 
 Number of LUT Flip Flop pairs used:     55
   Number with an unused Flip Flop:      24  out of     55    43%  
   Number with an unused LUT:             2  out of     55     3%  
   Number of fully used LUT-FF pairs:    29  out of     55    52%  
   Number of unique control sets:         3

IO Utilization: 
 Number of IOs:                           5
 Number of bonded IOBs:                   5  out of    232     2%  

Specific Feature Utilization:
 Number of BUFG/BUFGCTRLs:                1  out of     16     6%  

---------------------------
Partition Resource Summary:
---------------------------

  No Partitions were found in this design.

---------------------------


=========================================================================
Timing Report

NOTE: THESE TIMING NUMBERS ARE ONLY A SYNTHESIS ESTIMATE.
      FOR ACCURATE TIMING INFORMATION PLEASE REFER TO THE TRACE REPORT
      GENERATED AFTER PLACE-and-ROUTE.

Clock Information:
------------------
-----------------------------------+------------------------+-------+
Clock Signal                       | Clock buffer(FF name)  | Load  |
-----------------------------------+------------------------+-------+
CLK                                | BUFGP                  | 31    |
-----------------------------------+------------------------+-------+

Asynchronous Control Signals Information:
----------------------------------------
No asynchronous control signals found in this design

Timing Summary:
---------------
Speed Grade: -3

   Minimum period: 3.648ns (Maximum Frequency: 274.153MHz)
   Minimum input arrival time before clock: No path found
   Maximum output required time after clock: 3.634ns
   Maximum combinational path delay: No path found

Timing Details:
---------------
All values displayed in nanoseconds (ns)

=========================================================================
Timing constraint: Default period analysis for Clock 'CLK'
  Clock period: 3.648ns (frequency: 274.153MHz)
  Total number of paths / destination ports: 345 / 49
-------------------------------------------------------------------------
Delay:               3.648ns (Levels of Logic = 3)
  Source:            M0/dacstate_0 (FF)
  Destination:       M0/dacstate_5 (FF)
  Source Clock:      CLK rising
  Destination Clock: CLK rising

  Data Path: M0/dacstate_0 to M0/dacstate_5
                                Gate     Net
    Cell:in->out      fanout   Delay   Delay  Logical Name (Net Name)
    ----------------------------------------  ------------
     FD:C->Q               5   0.447   0.819  M0/dacstate_0 (M0/dacstate_0)
     LUT2:I0->O            6   0.203   1.089  M0/Mmux_dacstate[5]_GND_2_o_mux_2_OUT11 (M0/dacstate[5]_GND_2_o_mux_2_OUT<0>)
     LUT6:I1->O            1   0.203   0.580  M0_Mram_dacstate[5]_PWR_2_o_wide_mux_5_OUT51 (M0/dacstate[5]_PWR_2_o_wide_mux_5_OUT<5>)
     LUT4:I3->O            1   0.205   0.000  M0/Mmux_dacstate[5]_dacstate[5]_mux_10_OUT61 (M0/dacstate[5]_dacstate[5]_mux_10_OUT<5>)
     FD:D                      0.102          M0/dacstate_5
    ----------------------------------------
    Total                      3.648ns (1.160ns logic, 2.488ns route)
                                       (31.8% logic, 68.2% route)

=========================================================================
Timing constraint: Default OFFSET OUT AFTER for Clock 'CLK'
  Total number of paths / destination ports: 3 / 3
-------------------------------------------------------------------------
Offset:              3.634ns (Levels of Logic = 1)
  Source:            M0/daccs (FF)
  Destination:       JA1 (PAD)
  Source Clock:      CLK rising

  Data Path: M0/daccs to JA1
                                Gate     Net
    Cell:in->out      fanout   Delay   Delay  Logical Name (Net Name)
    ----------------------------------------  ------------
     FDE:C->Q              2   0.447   0.616  M0/daccs (M0/daccs)
     OBUF:I->O                 2.571          JA1_OBUF (JA1)
    ----------------------------------------
    Total                      3.634ns (3.018ns logic, 0.616ns route)
                                       (83.0% logic, 17.0% route)

=========================================================================

Cross Clock Domains Report:
--------------------------

Clock to Setup on destination clock CLK
---------------+---------+---------+---------+---------+
               | Src:Rise| Src:Fall| Src:Rise| Src:Fall|
Source Clock   |Dest:Rise|Dest:Rise|Dest:Fall|Dest:Fall|
---------------+---------+---------+---------+---------+
CLK            |    3.648|         |         |         |
---------------+---------+---------+---------+---------+

=========================================================================


Total REAL time to Xst completion: 5.00 secs
Total CPU time to Xst completion: 5.64 secs
 
--> 

Total memory usage is 195436 kilobytes

Number of errors   :    0 (   0 filtered)
Number of warnings :    2 (   0 filtered)
Number of infos    :    1 (   0 filtered)

