Release 14.7 - xst P.20131013 (nt64)
Copyright (c) 1995-2013 Xilinx, Inc.  All rights reserved.
--> Parameter TMPDIR set to xst/projnav.tmp


Total REAL time to Xst completion: 0.00 secs
Total CPU time to Xst completion: 0.09 secs
 
--> Parameter xsthdpdir set to xst


Total REAL time to Xst completion: 0.00 secs
Total CPU time to Xst completion: 0.09 secs
 
--> Reading design: BPSK_tx.prj

TABLE OF CONTENTS
  1) Synthesis Options Summary
  2) HDL Parsing
  3) HDL Elaboration
  4) HDL Synthesis
       4.1) HDL Synthesis Report
  5) Advanced HDL Synthesis
       5.1) Advanced HDL Synthesis Report
  6) Low Level Synthesis
  7) Partition Report
  8) Design Summary
       8.1) Primitive and Black Box Usage
       8.2) Device utilization summary
       8.3) Partition Resource Summary
       8.4) Timing Report
            8.4.1) Clock Information
            8.4.2) Asynchronous Control Signals Information
            8.4.3) Timing Summary
            8.4.4) Timing Details
            8.4.5) Cross Clock Domains Report


=========================================================================
*                      Synthesis Options Summary                        *
=========================================================================
---- Source Parameters
Input File Name                    : "BPSK_tx.prj"
Ignore Synthesis Constraint File   : NO

---- Target Parameters
Output File Name                   : "BPSK_tx"
Output Format                      : NGC
Target Device                      : xc6slx45-2-csg484

---- Source Options
Top Module Name                    : BPSK_tx
Automatic FSM Extraction           : YES
FSM Encoding Algorithm             : Auto
Safe Implementation                : No
FSM Style                          : LUT
RAM Extraction                     : Yes
RAM Style                          : Auto
ROM Extraction                     : Yes
Shift Register Extraction          : YES
ROM Style                          : Auto
Resource Sharing                   : YES
Asynchronous To Synchronous        : NO
Shift Register Minimum Size        : 2
Use DSP Block                      : Auto
Automatic Register Balancing       : No

---- Target Options
LUT Combining                      : Auto
Reduce Control Sets                : Auto
Add IO Buffers                     : YES
Global Maximum Fanout              : 100000
Add Generic Clock Buffer(BUFG)     : 16
Register Duplication               : YES
Optimize Instantiated Primitives   : NO
Use Clock Enable                   : Auto
Use Synchronous Set                : Auto
Use Synchronous Reset              : Auto
Pack IO Registers into IOBs        : Auto
Equivalent register Removal        : YES

---- General Options
Optimization Goal                  : Speed
Optimization Effort                : 1
Power Reduction                    : NO
Keep Hierarchy                     : No
Netlist Hierarchy                  : As_Optimized
RTL Output                         : Yes
Global Optimization                : AllClockNets
Read Cores                         : YES
Write Timing Constraints           : NO
Cross Clock Analysis               : NO
Hierarchy Separator                : /
Bus Delimiter                      : <>
Case Specifier                     : Maintain
Slice Utilization Ratio            : 100
BRAM Utilization Ratio             : 100
DSP48 Utilization Ratio            : 100
Auto BRAM Packing                  : NO
Slice Utilization Ratio Delta      : 5

---- Other Options
Cores Search Directories           : {"ipcore_dir"  }

=========================================================================


=========================================================================
*                          HDL Parsing                                  *
=========================================================================
Analyzing Verilog file "C:\Users\tibbs2010\Documents\SD\trunk\user_sandbox\Brian\Verilog\BPSK_controller_Modulator\ipcore_dir\DDScompiler.v" into library work
Parsing module <DDScompiler>.
Analyzing Verilog file "C:\Users\tibbs2010\Documents\SD\trunk\user_sandbox\Brian\Verilog\BPSK_controller_Modulator\SINE.v" into library work
Parsing module <SINE>.
Analyzing Verilog file "C:\Users\tibbs2010\Documents\SD\trunk\user_sandbox\Brian\Verilog\BPSK_controller_Modulator\Mixer.v" into library work
Parsing module <Mixer>.
Analyzing Verilog file "C:\Users\tibbs2010\Documents\SD\trunk\user_sandbox\Brian\Verilog\BPSK_controller_Modulator\sineDatapath.v" into library work
Parsing module <sineDatapath>.
Analyzing Verilog file "C:\Users\tibbs2010\Documents\SD\trunk\user_sandbox\Brian\Verilog\BPSK_controller_Modulator\sineController.v" into library work
Parsing module <BPSKcontroller>.
Analyzing Verilog file "C:\Users\tibbs2010\Documents\SD\trunk\user_sandbox\Brian\Verilog\BPSK_controller_Modulator\Debouncer.v" into library work
Parsing module <Debouncer>.
Analyzing Verilog file "C:\Users\tibbs2010\Documents\SD\trunk\user_sandbox\Brian\Verilog\BPSK_controller_Modulator\ClockDivider.v" into library work
Parsing module <ClockDivider>.
Analyzing Verilog file "C:\Users\tibbs2010\Documents\SD\trunk\user_sandbox\Brian\Verilog\BPSK_controller_Modulator\BPSK_tx.v" into library work
Parsing module <BPSK_tx>.

=========================================================================
*                            HDL Elaboration                            *
=========================================================================

Elaborating module <BPSK_tx>.

Elaborating module <ClockDivider>.

Elaborating module <Debouncer>.

Elaborating module <BPSKcontroller>.

Elaborating module <sineDatapath>.

Elaborating module <SINE>.

Elaborating module <DDScompiler>.

Elaborating module <Mixer>.

=========================================================================
*                           HDL Synthesis                               *
=========================================================================

Synthesizing Unit <BPSK_tx>.
    Related source file is "C:\Users\tibbs2010\Documents\SD\trunk\user_sandbox\Brian\Verilog\BPSK_controller_Modulator\BPSK_tx.v".
    Summary:
	no macro.
Unit <BPSK_tx> synthesized.

Synthesizing Unit <ClockDivider>.
    Related source file is "C:\Users\tibbs2010\Documents\SD\trunk\user_sandbox\Brian\Verilog\BPSK_controller_Modulator\ClockDivider.v".
        MAX_COUNT = 20
    Found 1-bit register for signal <clk>.
    Found 5-bit register for signal <count>.
    Found 5-bit adder for signal <_n0013> created at line 11.
    Summary:
	inferred   1 Adder/Subtractor(s).
	inferred   6 D-type flip-flop(s).
Unit <ClockDivider> synthesized.

Synthesizing Unit <Debouncer>.
    Related source file is "C:\Users\tibbs2010\Documents\SD\trunk\user_sandbox\Brian\Verilog\BPSK_controller_Modulator\Debouncer.v".
        WAIT = 0
        HOLD = 1
        MAX_COUNT = 250
    Found 25-bit register for signal <count>.
    Found 1-bit register for signal <state>.
    Found 25-bit adder for signal <count[24]_GND_3_o_add_3_OUT> created at line 38.
WARNING:Xst:737 - Found 1-bit latch for signal <PB_db>. Latches may be generated from incomplete case or if statements. We do not recommend the use of latches in FPGA/CPLD designs, as they may lead to timing problems.
    Summary:
	inferred   1 Adder/Subtractor(s).
	inferred  26 D-type flip-flop(s).
	inferred   1 Latch(s).
Unit <Debouncer> synthesized.

Synthesizing Unit <BPSKcontroller>.
    Related source file is "C:\Users\tibbs2010\Documents\SD\trunk\user_sandbox\Brian\Verilog\BPSK_controller_Modulator\sineController.v".
        WAIT = 0
        MOD = 1
    Found 1-bit register for signal <state>.
    Summary:
	inferred   1 D-type flip-flop(s).
	inferred   1 Multiplexer(s).
Unit <BPSKcontroller> synthesized.

Synthesizing Unit <sineDatapath>.
    Related source file is "C:\Users\tibbs2010\Documents\SD\trunk\user_sandbox\Brian\Verilog\BPSK_controller_Modulator\sineDatapath.v".
    Summary:
	no macro.
Unit <sineDatapath> synthesized.

Synthesizing Unit <SINE>.
    Related source file is "C:\Users\tibbs2010\Documents\SD\trunk\user_sandbox\Brian\Verilog\BPSK_controller_Modulator\SINE.v".
    Summary:
	no macro.
Unit <SINE> synthesized.

Synthesizing Unit <Mixer>.
    Related source file is "C:\Users\tibbs2010\Documents\SD\trunk\user_sandbox\Brian\Verilog\BPSK_controller_Modulator\Mixer.v".
    Found 16-bit register for signal <BPSK>.
    Found 1-bit register for signal <ena_mod>.
    Found 16x16-bit multiplier for signal <n0008> created at line 19.
    Summary:
	inferred   1 Multiplier(s).
	inferred  17 D-type flip-flop(s).
	inferred   1 Multiplexer(s).
Unit <Mixer> synthesized.

=========================================================================
HDL Synthesis Report

Macro Statistics
# Multipliers                                          : 1
 16x16-bit multiplier                                  : 1
# Adders/Subtractors                                   : 2
 25-bit adder                                          : 1
 5-bit adder                                           : 1
# Registers                                            : 7
 1-bit register                                        : 4
 16-bit register                                       : 1
 25-bit register                                       : 1
 5-bit register                                        : 1
# Latches                                              : 1
 1-bit latch                                           : 1
# Multiplexers                                         : 2
 1-bit 2-to-1 multiplexer                              : 1
 16-bit 2-to-1 multiplexer                             : 1

=========================================================================

=========================================================================
*                       Advanced HDL Synthesis                          *
=========================================================================

Reading core <ipcore_dir/DDScompiler.ngc>.
Reading Secure Unit <blk00000001>.
Loading core <DDScompiler> for timing and area information for instance <u0>.

Synthesizing (advanced) Unit <ClockDivider>.
The following registers are absorbed into counter <count>: 1 register on signal <count>.
Unit <ClockDivider> synthesized (advanced).

Synthesizing (advanced) Unit <Debouncer>.
The following registers are absorbed into counter <count>: 1 register on signal <count>.
Unit <Debouncer> synthesized (advanced).

=========================================================================
Advanced HDL Synthesis Report

Macro Statistics
# Multipliers                                          : 1
 16x16-bit multiplier                                  : 1
# Adders/Subtractors                                   : 1
 5-bit adder                                           : 1
# Counters                                             : 2
 25-bit up counter                                     : 1
 5-bit up counter                                      : 1
# Registers                                            : 20
 Flip-Flops                                            : 20
# Multiplexers                                         : 2
 1-bit 2-to-1 multiplexer                              : 1
 16-bit 2-to-1 multiplexer                             : 1

=========================================================================

=========================================================================
*                         Low Level Synthesis                           *
=========================================================================
WARNING:Xst:3002 - This design contains one or more registers/latches that are directly
   incompatible with the Spartan6 architecture. The two primary causes of this is
   either a register or latch described with both an asynchronous set and
   asynchronous reset, or a register or latch described with an asynchronous
   set or reset which however has an initialization value of the opposite 
   polarity (i.e. asynchronous reset with an initialization value of 1).
    While this circuit can be built, it creates a sub-optimal implementation
   in terms of area, power and performance. For a more optimal implementation
   Xilinx highly recommends one of the following:

          1) Remove either the set or reset from all registers and latches
             if not needed for required functionality
          2) Modify the code in order to produce a synchronous set
             and/or reset (both is preferred)
          3) Ensure all registers have the same initialization value as the
             described asynchronous set or reset polarity
          4) Use the -async_to_sync option to transform the asynchronous
             set/reset to synchronous operation
             (timing simulation highly recommended when using this option)

  Please refer to http://www.xilinx.com search string "Spartan6 asynchronous set/reset" for more details.

  List of register instances with asynchronous set and reset:
    PB_db in unit <Debouncer>


Optimizing unit <BPSK_tx> ...

Optimizing unit <Mixer> ...

Optimizing unit <Debouncer> ...

Mapping all equations...
Building and optimizing final netlist ...
Found area constraint ratio of 100 (+ 5) on block BPSK_tx, actual ratio is 0.

Final Macro Processing ...

=========================================================================
Final Register Report

Macro Statistics
# Registers                                            : 50
 Flip-Flops                                            : 50

=========================================================================

=========================================================================
*                           Partition Report                            *
=========================================================================

Partition Implementation Status
-------------------------------

  No Partitions were found in this design.

-------------------------------

=========================================================================
*                            Design Summary                             *
=========================================================================

Top Level Output File Name         : BPSK_tx.ngc

Primitive and Black Box Usage:
------------------------------
# BELS                             : 271
#      GND                         : 3
#      INV                         : 5
#      LUT1                        : 27
#      LUT2                        : 50
#      LUT3                        : 30
#      LUT4                        : 3
#      LUT5                        : 2
#      LUT6                        : 6
#      MUXCY                       : 70
#      VCC                         : 2
#      XORCY                       : 73
# FlipFlops/Latches                : 155
#      FD                          : 5
#      FDE                         : 74
#      FDR                         : 21
#      FDRE                        : 52
#      FDSE                        : 2
#      LD                          : 1
# RAMS                             : 1
#      RAMB16BWER                  : 1
# Shift Registers                  : 2
#      SRLC16E                     : 2
# Clock Buffers                    : 2
#      BUFG                        : 1
#      BUFGP                       : 1
# IO Buffers                       : 19
#      IBUF                        : 2
#      OBUF                        : 17
# DSPs                             : 1
#      DSP48A1                     : 1

Device utilization summary:
---------------------------

Selected Device : 6slx45csg484-2 


Slice Logic Utilization: 
 Number of Slice Registers:             154  out of  54576     0%  
 Number of Slice LUTs:                  125  out of  27288     0%  
    Number used as Logic:               123  out of  27288     0%  
    Number used as Memory:                2  out of   6408     0%  
       Number used as SRL:                2

Slice Logic Distribution: 
 Number of LUT Flip Flop pairs used:    229
   Number with an unused Flip Flop:      75  out of    229    32%  
   Number with an unused LUT:           104  out of    229    45%  
   Number of fully used LUT-FF pairs:    50  out of    229    21%  
   Number of unique control sets:         6

IO Utilization: 
 Number of IOs:                          20
 Number of bonded IOBs:                  20  out of    320     6%  
    IOB Flip Flops/Latches:               1

Specific Feature Utilization:
 Number of Block RAM/FIFO:                1  out of    116     0%  
    Number using Block RAM only:          1
 Number of BUFG/BUFGCTRLs:                2  out of     16    12%  
 Number of DSP48A1s:                      1  out of     58     1%  

---------------------------
Partition Resource Summary:
---------------------------

  No Partitions were found in this design.

---------------------------


=========================================================================
Timing Report

NOTE: THESE TIMING NUMBERS ARE ONLY A SYNTHESIS ESTIMATE.
      FOR ACCURATE TIMING INFORMATION PLEASE REFER TO THE TRACE REPORT
      GENERATED AFTER PLACE-and-ROUTE.

Clock Information:
------------------
-----------------------------------+------------------------+-------+
Clock Signal                       | Clock buffer(FF name)  | Load  |
-----------------------------------+------------------------+-------+
CLK                                | BUFGP                  | 130   |
u0/clk                             | BUFG                   | 27    |
u1/PB_db_G(u1/PB_db_G:O)           | NONE(*)(u1/PB_db)      | 1     |
-----------------------------------+------------------------+-------+
(*) This 1 clock signal(s) are generated by combinatorial logic,
and XST is not able to identify which are the primary clock signals.
Please use the CLOCK_SIGNAL constraint to specify the clock signal(s) generated by combinatorial logic.
INFO:Xst:2169 - HDL ADVISOR - Some clock signals were not automatically buffered by XST with BUFG/BUFR resources. Please use the buffer_type constraint in order to insert these buffers to the clock signals to help prevent skew problems.

Asynchronous Control Signals Information:
----------------------------------------
No asynchronous control signals found in this design

Timing Summary:
---------------
Speed Grade: -2

   Minimum period: 5.807ns (Maximum Frequency: 172.206MHz)
   Minimum input arrival time before clock: 3.047ns
   Maximum output required time after clock: 4.118ns
   Maximum combinational path delay: No path found

Timing Details:
---------------
All values displayed in nanoseconds (ns)

=========================================================================
Timing constraint: Default period analysis for Clock 'CLK'
  Clock period: 5.807ns (frequency: 172.206MHz)
  Total number of paths / destination ports: 1458 / 174
-------------------------------------------------------------------------
Delay:               5.807ns (Levels of Logic = 3)
  Source:            sec_inst (FF)
  Destination:       u3/u1/BPSK_15 (FF)
  Source Clock:      CLK rising
  Destination Clock: CLK rising

  Data Path: sec_inst to u3/u1/BPSK_15
                                Gate     Net
    Cell:in->out      fanout   Delay   Delay  Logical Name (Net Name)
    ----------------------------------------  ------------
     SEC:C->out           10   0.525   1.007  sec_inst (sec_net)
     end scope: 'u3/u0/u0/blk00000001:m_axis_data_tdata<15>'
     end scope: 'u3/u0/u0:m_axis_data_tdata<15>'
     DSP48A1:A15->M15      1   3.265   0.682  u3/u1/Mmult_n0008 (u3/u1/n0008<15>)
     LUT3:I2->O            1   0.254   0.000  u3/u1/Mmux_PWR_8_o_sine[15]_mux_3_OUT71 (u3/u1/PWR_8_o_sine[15]_mux_3_OUT<15>)
     FDR:D                     0.074          u3/u1/BPSK_15
    ----------------------------------------
    Total                      5.807ns (4.118ns logic, 1.689ns route)
                                       (70.9% logic, 29.1% route)

=========================================================================
Timing constraint: Default period analysis for Clock 'u0/clk'
  Clock period: 5.096ns (frequency: 196.231MHz)
  Total number of paths / destination ports: 1028 / 77
-------------------------------------------------------------------------
Delay:               5.096ns (Levels of Logic = 2)
  Source:            u1/state (FF)
  Destination:       u1/count_24 (FF)
  Source Clock:      u0/clk rising
  Destination Clock: u0/clk rising

  Data Path: u1/state to u1/count_24
                                Gate     Net
    Cell:in->out      fanout   Delay   Delay  Logical Name (Net Name)
    ----------------------------------------  ------------
     FD:C->Q              29   0.525   1.470  u1/state (u1/state)
     LUT6:I5->O            1   0.254   0.682  u1/_n00256_SW0 (N01)
     LUT6:I5->O           28   0.254   1.452  u1/_n00256 (u1/_n0025)
     FDRE:R                    0.459          u1/count_0
    ----------------------------------------
    Total                      5.096ns (1.492ns logic, 3.604ns route)
                                       (29.3% logic, 70.7% route)

=========================================================================
Timing constraint: Default OFFSET IN BEFORE for Clock 'CLK'
  Total number of paths / destination ports: 16 / 16
-------------------------------------------------------------------------
Offset:              3.047ns (Levels of Logic = 2)
  Source:            SW (PAD)
  Destination:       u3/u1/BPSK_15 (FF)
  Destination Clock: CLK rising

  Data Path: SW to u3/u1/BPSK_15
                                Gate     Net
    Cell:in->out      fanout   Delay   Delay  Logical Name (Net Name)
    ----------------------------------------  ------------
     IBUF:I->O            16   1.328   1.410  SW_IBUF (SW_IBUF)
     LUT3:I0->O            1   0.235   0.000  u3/u1/Mmux_PWR_8_o_sine[15]_mux_3_OUT17 (u3/u1/PWR_8_o_sine[15]_mux_3_OUT<0>)
     FDR:D                     0.074          u3/u1/BPSK_0
    ----------------------------------------
    Total                      3.047ns (1.637ns logic, 1.410ns route)
                                       (53.7% logic, 46.3% route)

=========================================================================
Timing constraint: Default OFFSET IN BEFORE for Clock 'u0/clk'
  Total number of paths / destination ports: 1 / 1
-------------------------------------------------------------------------
Offset:              2.547ns (Levels of Logic = 2)
  Source:            PB (PAD)
  Destination:       u1/state (FF)
  Destination Clock: u0/clk rising

  Data Path: PB to u1/state
                                Gate     Net
    Cell:in->out      fanout   Delay   Delay  Logical Name (Net Name)
    ----------------------------------------  ------------
     IBUF:I->O             1   1.328   0.910  PB_IBUF (PB_IBUF)
     LUT3:I0->O            1   0.235   0.000  u1/state_rstpot (u1/state_rstpot)
     FD:D                      0.074          u1/state
    ----------------------------------------
    Total                      2.547ns (1.637ns logic, 0.910ns route)
                                       (64.3% logic, 35.7% route)

=========================================================================
Timing constraint: Default OFFSET OUT AFTER for Clock 'CLK'
  Total number of paths / destination ports: 17 / 17
-------------------------------------------------------------------------
Offset:              4.118ns (Levels of Logic = 1)
  Source:            u3/u1/BPSK_15 (FF)
  Destination:       BPSK<15> (PAD)
  Source Clock:      CLK rising

  Data Path: u3/u1/BPSK_15 to BPSK<15>
                                Gate     Net
    Cell:in->out      fanout   Delay   Delay  Logical Name (Net Name)
    ----------------------------------------  ------------
     FDR:C->Q              1   0.525   0.681  u3/u1/BPSK_15 (u3/u1/BPSK_15)
     OBUF:I->O                 2.912          BPSK_15_OBUF (BPSK<15>)
    ----------------------------------------
    Total                      4.118ns (3.437ns logic, 0.681ns route)
                                       (83.5% logic, 16.5% route)

=========================================================================

Cross Clock Domains Report:
--------------------------

Clock to Setup on destination clock CLK
---------------+---------+---------+---------+---------+
               | Src:Rise| Src:Fall| Src:Rise| Src:Fall|
Source Clock   |Dest:Rise|Dest:Rise|Dest:Fall|Dest:Fall|
---------------+---------+---------+---------+---------+
CLK            |    5.807|         |         |         |
u0/clk         |    4.659|         |         |         |
---------------+---------+---------+---------+---------+

Clock to Setup on destination clock u0/clk
---------------+---------+---------+---------+---------+
               | Src:Rise| Src:Fall| Src:Rise| Src:Fall|
Source Clock   |Dest:Rise|Dest:Rise|Dest:Fall|Dest:Fall|
---------------+---------+---------+---------+---------+
u0/clk         |    5.096|         |         |         |
u1/PB_db_G     |         |    1.695|         |         |
---------------+---------+---------+---------+---------+

Clock to Setup on destination clock u1/PB_db_G
---------------+---------+---------+---------+---------+
               | Src:Rise| Src:Fall| Src:Rise| Src:Fall|
Source Clock   |Dest:Rise|Dest:Rise|Dest:Fall|Dest:Fall|
---------------+---------+---------+---------+---------+
u0/clk         |         |         |    4.928|         |
---------------+---------+---------+---------+---------+

=========================================================================


Total REAL time to Xst completion: 9.00 secs
Total CPU time to Xst completion: 8.64 secs
 
--> 

Total memory usage is 260100 kilobytes

Number of errors   :    0 (   0 filtered)
Number of warnings :    2 (   0 filtered)
Number of infos    :    1 (   0 filtered)

