--------------------------------------------------------------------------------
Release 14.6 Trace  (nt64)
Copyright (c) 1995-2013 Xilinx, Inc.  All rights reserved.

C:\Xilinx\14.6\ISE_DS\ISE\bin\nt64\unwrapped\trce.exe -intstyle ise -v 3 -s 2
-n 3 -fastpaths -xml BPSK_tx.twx BPSK_tx.ncd -o BPSK_tx.twr BPSK_tx.pcf -ucf
TrenzEl.ucf

Design file:              BPSK_tx.ncd
Physical constraint file: BPSK_tx.pcf
Device,package,speed:     xc6slx45,csg484,C,-2 (PRODUCTION 1.23 2013-06-08)
Report level:             verbose report

Environment Variable      Effect 
--------------------      ------ 
NONE                      No environment variables were set
--------------------------------------------------------------------------------

INFO:Timing:3412 - To improve timing, see the Timing Closure User Guide (UG612).
INFO:Timing:2752 - To get complete path coverage, use the unconstrained paths 
   option. All paths that are not constrained will be reported in the 
   unconstrained paths section(s) of the report.
INFO:Timing:3339 - The clock-to-out numbers in this timing report are based on 
   a 50 Ohm transmission line loading model.  For the details of this model, 
   and for more information on accounting for different loading conditions, 
   please see the device datasheet.

================================================================================
Timing constraint: NET "mCLK_BUFGP/IBUFG" PERIOD = 10 ns HIGH 50%;
For more information, see Period Analysis in the Timing Closure User Guide (UG612).

 35906 paths analyzed, 284 endpoints analyzed, 0 failing endpoints
 0 timing errors detected. (0 setup errors, 0 hold errors, 0 component switching limit errors)
 Minimum period is   6.133ns.
--------------------------------------------------------------------------------

Paths for end point u4/count_3 (SLICE_X26Y72.SR), 528 paths
--------------------------------------------------------------------------------
Slack (setup path):     3.867ns (requirement - (data path - clock path skew + uncertainty))
  Source:               u4/count_0 (FF)
  Destination:          u4/count_3 (FF)
  Requirement:          10.000ns
  Data Path Delay:      6.098ns (Levels of Logic = 9)
  Clock Path Skew:      0.000ns
  Source Clock:         mCLK_BUFGP rising at 0.000ns
  Destination Clock:    mCLK_BUFGP rising at 10.000ns
  Clock Uncertainty:    0.035ns

  Clock Uncertainty:          0.035ns  ((TSJ^2 + TIJ^2)^1/2 + DJ) / 2 + PE
    Total System Jitter (TSJ):  0.070ns
    Total Input Jitter (TIJ):   0.000ns
    Discrete Jitter (DJ):       0.000ns
    Phase Error (PE):           0.000ns

  Maximum Data Path at Slow Process Corner: u4/count_0 to u4/count_3
    Location             Delay type         Delay(ns)  Physical Resource
                                                       Logical Resource(s)
    -------------------------------------------------  -------------------
    SLICE_X26Y72.AQ      Tcko                  0.525   u4/count<3>
                                                       u4/count_0
    SLICE_X24Y72.A2      net (fanout=2)        0.710   u4/count<0>
    SLICE_X24Y72.COUT    Topcya                0.472   u4/Madd_count[31]_GND_2_o_add_1_OUT_cy<3>
                                                       u4/Madd_count[31]_GND_2_o_add_1_OUT_lut<0>_INV_0
                                                       u4/Madd_count[31]_GND_2_o_add_1_OUT_cy<3>
    SLICE_X24Y73.CIN     net (fanout=1)        0.003   u4/Madd_count[31]_GND_2_o_add_1_OUT_cy<3>
    SLICE_X24Y73.COUT    Tbyp                  0.091   u4/Madd_count[31]_GND_2_o_add_1_OUT_cy<7>
                                                       u4/Madd_count[31]_GND_2_o_add_1_OUT_cy<7>
    SLICE_X24Y74.CIN     net (fanout=1)        0.003   u4/Madd_count[31]_GND_2_o_add_1_OUT_cy<7>
    SLICE_X24Y74.COUT    Tbyp                  0.091   u4/Madd_count[31]_GND_2_o_add_1_OUT_cy<11>
                                                       u4/Madd_count[31]_GND_2_o_add_1_OUT_cy<11>
    SLICE_X24Y75.CIN     net (fanout=1)        0.003   u4/Madd_count[31]_GND_2_o_add_1_OUT_cy<11>
    SLICE_X24Y75.COUT    Tbyp                  0.091   u4/Madd_count[31]_GND_2_o_add_1_OUT_cy<15>
                                                       u4/Madd_count[31]_GND_2_o_add_1_OUT_cy<15>
    SLICE_X24Y76.CIN     net (fanout=1)        0.003   u4/Madd_count[31]_GND_2_o_add_1_OUT_cy<15>
    SLICE_X24Y76.COUT    Tbyp                  0.091   u4/Madd_count[31]_GND_2_o_add_1_OUT_cy<19>
                                                       u4/Madd_count[31]_GND_2_o_add_1_OUT_cy<19>
    SLICE_X24Y77.CIN     net (fanout=1)        0.003   u4/Madd_count[31]_GND_2_o_add_1_OUT_cy<19>
    SLICE_X24Y77.COUT    Tbyp                  0.091   u4/Madd_count[31]_GND_2_o_add_1_OUT_cy<23>
                                                       u4/Madd_count[31]_GND_2_o_add_1_OUT_cy<23>
    SLICE_X24Y78.CIN     net (fanout=1)        0.003   u4/Madd_count[31]_GND_2_o_add_1_OUT_cy<23>
    SLICE_X24Y78.COUT    Tbyp                  0.091   u4/Madd_count[31]_GND_2_o_add_1_OUT_cy<27>
                                                       u4/Madd_count[31]_GND_2_o_add_1_OUT_cy<27>
    SLICE_X24Y79.CIN     net (fanout=1)        0.003   u4/Madd_count[31]_GND_2_o_add_1_OUT_cy<27>
    SLICE_X24Y79.CMUX    Tcinc                 0.289   u4/count[31]_GND_2_o_add_1_OUT<31>
                                                       u4/Madd_count[31]_GND_2_o_add_1_OUT_xor<31>
    SLICE_X22Y76.B2      net (fanout=1)        1.031   u4/count[31]_GND_2_o_add_1_OUT<30>
    SLICE_X22Y76.BMUX    Topbb                 0.561   u4/count[31]_Dclk_scale[31]_equal_3_o
                                                       u4/Mcompar_count[31]_Dclk_scale[31]_equal_3_o_lut<5>
                                                       u4/Mcompar_count[31]_Dclk_scale[31]_equal_3_o_cy<5>
    SLICE_X26Y72.SR      net (fanout=9)        1.473   u4/count[31]_Dclk_scale[31]_equal_3_o
    SLICE_X26Y72.CLK     Tsrck                 0.470   u4/count<3>
                                                       u4/count_3
    -------------------------------------------------  ---------------------------
    Total                                      6.098ns (2.863ns logic, 3.235ns route)
                                                       (46.9% logic, 53.1% route)

--------------------------------------------------------------------------------
Slack (setup path):     3.948ns (requirement - (data path - clock path skew + uncertainty))
  Source:               u4/count_4 (FF)
  Destination:          u4/count_3 (FF)
  Requirement:          10.000ns
  Data Path Delay:      6.004ns (Levels of Logic = 8)
  Clock Path Skew:      -0.013ns (0.183 - 0.196)
  Source Clock:         mCLK_BUFGP rising at 0.000ns
  Destination Clock:    mCLK_BUFGP rising at 10.000ns
  Clock Uncertainty:    0.035ns

  Clock Uncertainty:          0.035ns  ((TSJ^2 + TIJ^2)^1/2 + DJ) / 2 + PE
    Total System Jitter (TSJ):  0.070ns
    Total Input Jitter (TIJ):   0.000ns
    Discrete Jitter (DJ):       0.000ns
    Phase Error (PE):           0.000ns

  Maximum Data Path at Slow Process Corner: u4/count_4 to u4/count_3
    Location             Delay type         Delay(ns)  Physical Resource
                                                       Logical Resource(s)
    -------------------------------------------------  -------------------
    SLICE_X26Y73.AQ      Tcko                  0.525   u4/count<7>
                                                       u4/count_4
    SLICE_X24Y73.A2      net (fanout=2)        0.710   u4/count<4>
    SLICE_X24Y73.COUT    Topcya                0.472   u4/Madd_count[31]_GND_2_o_add_1_OUT_cy<7>
                                                       u4/count<4>_rt
                                                       u4/Madd_count[31]_GND_2_o_add_1_OUT_cy<7>
    SLICE_X24Y74.CIN     net (fanout=1)        0.003   u4/Madd_count[31]_GND_2_o_add_1_OUT_cy<7>
    SLICE_X24Y74.COUT    Tbyp                  0.091   u4/Madd_count[31]_GND_2_o_add_1_OUT_cy<11>
                                                       u4/Madd_count[31]_GND_2_o_add_1_OUT_cy<11>
    SLICE_X24Y75.CIN     net (fanout=1)        0.003   u4/Madd_count[31]_GND_2_o_add_1_OUT_cy<11>
    SLICE_X24Y75.COUT    Tbyp                  0.091   u4/Madd_count[31]_GND_2_o_add_1_OUT_cy<15>
                                                       u4/Madd_count[31]_GND_2_o_add_1_OUT_cy<15>
    SLICE_X24Y76.CIN     net (fanout=1)        0.003   u4/Madd_count[31]_GND_2_o_add_1_OUT_cy<15>
    SLICE_X24Y76.COUT    Tbyp                  0.091   u4/Madd_count[31]_GND_2_o_add_1_OUT_cy<19>
                                                       u4/Madd_count[31]_GND_2_o_add_1_OUT_cy<19>
    SLICE_X24Y77.CIN     net (fanout=1)        0.003   u4/Madd_count[31]_GND_2_o_add_1_OUT_cy<19>
    SLICE_X24Y77.COUT    Tbyp                  0.091   u4/Madd_count[31]_GND_2_o_add_1_OUT_cy<23>
                                                       u4/Madd_count[31]_GND_2_o_add_1_OUT_cy<23>
    SLICE_X24Y78.CIN     net (fanout=1)        0.003   u4/Madd_count[31]_GND_2_o_add_1_OUT_cy<23>
    SLICE_X24Y78.COUT    Tbyp                  0.091   u4/Madd_count[31]_GND_2_o_add_1_OUT_cy<27>
                                                       u4/Madd_count[31]_GND_2_o_add_1_OUT_cy<27>
    SLICE_X24Y79.CIN     net (fanout=1)        0.003   u4/Madd_count[31]_GND_2_o_add_1_OUT_cy<27>
    SLICE_X24Y79.CMUX    Tcinc                 0.289   u4/count[31]_GND_2_o_add_1_OUT<31>
                                                       u4/Madd_count[31]_GND_2_o_add_1_OUT_xor<31>
    SLICE_X22Y76.B2      net (fanout=1)        1.031   u4/count[31]_GND_2_o_add_1_OUT<30>
    SLICE_X22Y76.BMUX    Topbb                 0.561   u4/count[31]_Dclk_scale[31]_equal_3_o
                                                       u4/Mcompar_count[31]_Dclk_scale[31]_equal_3_o_lut<5>
                                                       u4/Mcompar_count[31]_Dclk_scale[31]_equal_3_o_cy<5>
    SLICE_X26Y72.SR      net (fanout=9)        1.473   u4/count[31]_Dclk_scale[31]_equal_3_o
    SLICE_X26Y72.CLK     Tsrck                 0.470   u4/count<3>
                                                       u4/count_3
    -------------------------------------------------  ---------------------------
    Total                                      6.004ns (2.772ns logic, 3.232ns route)
                                                       (46.2% logic, 53.8% route)

--------------------------------------------------------------------------------
Slack (setup path):     4.008ns (requirement - (data path - clock path skew + uncertainty))
  Source:               u4/count_0 (FF)
  Destination:          u4/count_3 (FF)
  Requirement:          10.000ns
  Data Path Delay:      5.957ns (Levels of Logic = 8)
  Clock Path Skew:      0.000ns
  Source Clock:         mCLK_BUFGP rising at 0.000ns
  Destination Clock:    mCLK_BUFGP rising at 10.000ns
  Clock Uncertainty:    0.035ns

  Clock Uncertainty:          0.035ns  ((TSJ^2 + TIJ^2)^1/2 + DJ) / 2 + PE
    Total System Jitter (TSJ):  0.070ns
    Total Input Jitter (TIJ):   0.000ns
    Discrete Jitter (DJ):       0.000ns
    Phase Error (PE):           0.000ns

  Maximum Data Path at Slow Process Corner: u4/count_0 to u4/count_3
    Location             Delay type         Delay(ns)  Physical Resource
                                                       Logical Resource(s)
    -------------------------------------------------  -------------------
    SLICE_X26Y72.AQ      Tcko                  0.525   u4/count<3>
                                                       u4/count_0
    SLICE_X24Y72.A2      net (fanout=2)        0.710   u4/count<0>
    SLICE_X24Y72.COUT    Topcya                0.472   u4/Madd_count[31]_GND_2_o_add_1_OUT_cy<3>
                                                       u4/Madd_count[31]_GND_2_o_add_1_OUT_lut<0>_INV_0
                                                       u4/Madd_count[31]_GND_2_o_add_1_OUT_cy<3>
    SLICE_X24Y73.CIN     net (fanout=1)        0.003   u4/Madd_count[31]_GND_2_o_add_1_OUT_cy<3>
    SLICE_X24Y73.COUT    Tbyp                  0.091   u4/Madd_count[31]_GND_2_o_add_1_OUT_cy<7>
                                                       u4/Madd_count[31]_GND_2_o_add_1_OUT_cy<7>
    SLICE_X24Y74.CIN     net (fanout=1)        0.003   u4/Madd_count[31]_GND_2_o_add_1_OUT_cy<7>
    SLICE_X24Y74.COUT    Tbyp                  0.091   u4/Madd_count[31]_GND_2_o_add_1_OUT_cy<11>
                                                       u4/Madd_count[31]_GND_2_o_add_1_OUT_cy<11>
    SLICE_X24Y75.CIN     net (fanout=1)        0.003   u4/Madd_count[31]_GND_2_o_add_1_OUT_cy<11>
    SLICE_X24Y75.COUT    Tbyp                  0.091   u4/Madd_count[31]_GND_2_o_add_1_OUT_cy<15>
                                                       u4/Madd_count[31]_GND_2_o_add_1_OUT_cy<15>
    SLICE_X24Y76.CIN     net (fanout=1)        0.003   u4/Madd_count[31]_GND_2_o_add_1_OUT_cy<15>
    SLICE_X24Y76.COUT    Tbyp                  0.091   u4/Madd_count[31]_GND_2_o_add_1_OUT_cy<19>
                                                       u4/Madd_count[31]_GND_2_o_add_1_OUT_cy<19>
    SLICE_X24Y77.CIN     net (fanout=1)        0.003   u4/Madd_count[31]_GND_2_o_add_1_OUT_cy<19>
    SLICE_X24Y77.COUT    Tbyp                  0.091   u4/Madd_count[31]_GND_2_o_add_1_OUT_cy<23>
                                                       u4/Madd_count[31]_GND_2_o_add_1_OUT_cy<23>
    SLICE_X24Y78.CIN     net (fanout=1)        0.003   u4/Madd_count[31]_GND_2_o_add_1_OUT_cy<23>
    SLICE_X24Y78.DMUX    Tcind                 0.289   u4/Madd_count[31]_GND_2_o_add_1_OUT_cy<27>
                                                       u4/Madd_count[31]_GND_2_o_add_1_OUT_cy<27>
    SLICE_X22Y76.A2      net (fanout=1)        0.955   u4/count[31]_GND_2_o_add_1_OUT<27>
    SLICE_X22Y76.BMUX    Topab                 0.590   u4/count[31]_Dclk_scale[31]_equal_3_o
                                                       u4/Mcompar_count[31]_Dclk_scale[31]_equal_3_o_lut<4>
                                                       u4/Mcompar_count[31]_Dclk_scale[31]_equal_3_o_cy<5>
    SLICE_X26Y72.SR      net (fanout=9)        1.473   u4/count[31]_Dclk_scale[31]_equal_3_o
    SLICE_X26Y72.CLK     Tsrck                 0.470   u4/count<3>
                                                       u4/count_3
    -------------------------------------------------  ---------------------------
    Total                                      5.957ns (2.801ns logic, 3.156ns route)
                                                       (47.0% logic, 53.0% route)

--------------------------------------------------------------------------------

Paths for end point u4/count_2 (SLICE_X26Y72.SR), 528 paths
--------------------------------------------------------------------------------
Slack (setup path):     3.876ns (requirement - (data path - clock path skew + uncertainty))
  Source:               u4/count_0 (FF)
  Destination:          u4/count_2 (FF)
  Requirement:          10.000ns
  Data Path Delay:      6.089ns (Levels of Logic = 9)
  Clock Path Skew:      0.000ns
  Source Clock:         mCLK_BUFGP rising at 0.000ns
  Destination Clock:    mCLK_BUFGP rising at 10.000ns
  Clock Uncertainty:    0.035ns

  Clock Uncertainty:          0.035ns  ((TSJ^2 + TIJ^2)^1/2 + DJ) / 2 + PE
    Total System Jitter (TSJ):  0.070ns
    Total Input Jitter (TIJ):   0.000ns
    Discrete Jitter (DJ):       0.000ns
    Phase Error (PE):           0.000ns

  Maximum Data Path at Slow Process Corner: u4/count_0 to u4/count_2
    Location             Delay type         Delay(ns)  Physical Resource
                                                       Logical Resource(s)
    -------------------------------------------------  -------------------
    SLICE_X26Y72.AQ      Tcko                  0.525   u4/count<3>
                                                       u4/count_0
    SLICE_X24Y72.A2      net (fanout=2)        0.710   u4/count<0>
    SLICE_X24Y72.COUT    Topcya                0.472   u4/Madd_count[31]_GND_2_o_add_1_OUT_cy<3>
                                                       u4/Madd_count[31]_GND_2_o_add_1_OUT_lut<0>_INV_0
                                                       u4/Madd_count[31]_GND_2_o_add_1_OUT_cy<3>
    SLICE_X24Y73.CIN     net (fanout=1)        0.003   u4/Madd_count[31]_GND_2_o_add_1_OUT_cy<3>
    SLICE_X24Y73.COUT    Tbyp                  0.091   u4/Madd_count[31]_GND_2_o_add_1_OUT_cy<7>
                                                       u4/Madd_count[31]_GND_2_o_add_1_OUT_cy<7>
    SLICE_X24Y74.CIN     net (fanout=1)        0.003   u4/Madd_count[31]_GND_2_o_add_1_OUT_cy<7>
    SLICE_X24Y74.COUT    Tbyp                  0.091   u4/Madd_count[31]_GND_2_o_add_1_OUT_cy<11>
                                                       u4/Madd_count[31]_GND_2_o_add_1_OUT_cy<11>
    SLICE_X24Y75.CIN     net (fanout=1)        0.003   u4/Madd_count[31]_GND_2_o_add_1_OUT_cy<11>
    SLICE_X24Y75.COUT    Tbyp                  0.091   u4/Madd_count[31]_GND_2_o_add_1_OUT_cy<15>
                                                       u4/Madd_count[31]_GND_2_o_add_1_OUT_cy<15>
    SLICE_X24Y76.CIN     net (fanout=1)        0.003   u4/Madd_count[31]_GND_2_o_add_1_OUT_cy<15>
    SLICE_X24Y76.COUT    Tbyp                  0.091   u4/Madd_count[31]_GND_2_o_add_1_OUT_cy<19>
                                                       u4/Madd_count[31]_GND_2_o_add_1_OUT_cy<19>
    SLICE_X24Y77.CIN     net (fanout=1)        0.003   u4/Madd_count[31]_GND_2_o_add_1_OUT_cy<19>
    SLICE_X24Y77.COUT    Tbyp                  0.091   u4/Madd_count[31]_GND_2_o_add_1_OUT_cy<23>
                                                       u4/Madd_count[31]_GND_2_o_add_1_OUT_cy<23>
    SLICE_X24Y78.CIN     net (fanout=1)        0.003   u4/Madd_count[31]_GND_2_o_add_1_OUT_cy<23>
    SLICE_X24Y78.COUT    Tbyp                  0.091   u4/Madd_count[31]_GND_2_o_add_1_OUT_cy<27>
                                                       u4/Madd_count[31]_GND_2_o_add_1_OUT_cy<27>
    SLICE_X24Y79.CIN     net (fanout=1)        0.003   u4/Madd_count[31]_GND_2_o_add_1_OUT_cy<27>
    SLICE_X24Y79.CMUX    Tcinc                 0.289   u4/count[31]_GND_2_o_add_1_OUT<31>
                                                       u4/Madd_count[31]_GND_2_o_add_1_OUT_xor<31>
    SLICE_X22Y76.B2      net (fanout=1)        1.031   u4/count[31]_GND_2_o_add_1_OUT<30>
    SLICE_X22Y76.BMUX    Topbb                 0.561   u4/count[31]_Dclk_scale[31]_equal_3_o
                                                       u4/Mcompar_count[31]_Dclk_scale[31]_equal_3_o_lut<5>
                                                       u4/Mcompar_count[31]_Dclk_scale[31]_equal_3_o_cy<5>
    SLICE_X26Y72.SR      net (fanout=9)        1.473   u4/count[31]_Dclk_scale[31]_equal_3_o
    SLICE_X26Y72.CLK     Tsrck                 0.461   u4/count<3>
                                                       u4/count_2
    -------------------------------------------------  ---------------------------
    Total                                      6.089ns (2.854ns logic, 3.235ns route)
                                                       (46.9% logic, 53.1% route)

--------------------------------------------------------------------------------
Slack (setup path):     3.957ns (requirement - (data path - clock path skew + uncertainty))
  Source:               u4/count_4 (FF)
  Destination:          u4/count_2 (FF)
  Requirement:          10.000ns
  Data Path Delay:      5.995ns (Levels of Logic = 8)
  Clock Path Skew:      -0.013ns (0.183 - 0.196)
  Source Clock:         mCLK_BUFGP rising at 0.000ns
  Destination Clock:    mCLK_BUFGP rising at 10.000ns
  Clock Uncertainty:    0.035ns

  Clock Uncertainty:          0.035ns  ((TSJ^2 + TIJ^2)^1/2 + DJ) / 2 + PE
    Total System Jitter (TSJ):  0.070ns
    Total Input Jitter (TIJ):   0.000ns
    Discrete Jitter (DJ):       0.000ns
    Phase Error (PE):           0.000ns

  Maximum Data Path at Slow Process Corner: u4/count_4 to u4/count_2
    Location             Delay type         Delay(ns)  Physical Resource
                                                       Logical Resource(s)
    -------------------------------------------------  -------------------
    SLICE_X26Y73.AQ      Tcko                  0.525   u4/count<7>
                                                       u4/count_4
    SLICE_X24Y73.A2      net (fanout=2)        0.710   u4/count<4>
    SLICE_X24Y73.COUT    Topcya                0.472   u4/Madd_count[31]_GND_2_o_add_1_OUT_cy<7>
                                                       u4/count<4>_rt
                                                       u4/Madd_count[31]_GND_2_o_add_1_OUT_cy<7>
    SLICE_X24Y74.CIN     net (fanout=1)        0.003   u4/Madd_count[31]_GND_2_o_add_1_OUT_cy<7>
    SLICE_X24Y74.COUT    Tbyp                  0.091   u4/Madd_count[31]_GND_2_o_add_1_OUT_cy<11>
                                                       u4/Madd_count[31]_GND_2_o_add_1_OUT_cy<11>
    SLICE_X24Y75.CIN     net (fanout=1)        0.003   u4/Madd_count[31]_GND_2_o_add_1_OUT_cy<11>
    SLICE_X24Y75.COUT    Tbyp                  0.091   u4/Madd_count[31]_GND_2_o_add_1_OUT_cy<15>
                                                       u4/Madd_count[31]_GND_2_o_add_1_OUT_cy<15>
    SLICE_X24Y76.CIN     net (fanout=1)        0.003   u4/Madd_count[31]_GND_2_o_add_1_OUT_cy<15>
    SLICE_X24Y76.COUT    Tbyp                  0.091   u4/Madd_count[31]_GND_2_o_add_1_OUT_cy<19>
                                                       u4/Madd_count[31]_GND_2_o_add_1_OUT_cy<19>
    SLICE_X24Y77.CIN     net (fanout=1)        0.003   u4/Madd_count[31]_GND_2_o_add_1_OUT_cy<19>
    SLICE_X24Y77.COUT    Tbyp                  0.091   u4/Madd_count[31]_GND_2_o_add_1_OUT_cy<23>
                                                       u4/Madd_count[31]_GND_2_o_add_1_OUT_cy<23>
    SLICE_X24Y78.CIN     net (fanout=1)        0.003   u4/Madd_count[31]_GND_2_o_add_1_OUT_cy<23>
    SLICE_X24Y78.COUT    Tbyp                  0.091   u4/Madd_count[31]_GND_2_o_add_1_OUT_cy<27>
                                                       u4/Madd_count[31]_GND_2_o_add_1_OUT_cy<27>
    SLICE_X24Y79.CIN     net (fanout=1)        0.003   u4/Madd_count[31]_GND_2_o_add_1_OUT_cy<27>
    SLICE_X24Y79.CMUX    Tcinc                 0.289   u4/count[31]_GND_2_o_add_1_OUT<31>
                                                       u4/Madd_count[31]_GND_2_o_add_1_OUT_xor<31>
    SLICE_X22Y76.B2      net (fanout=1)        1.031   u4/count[31]_GND_2_o_add_1_OUT<30>
    SLICE_X22Y76.BMUX    Topbb                 0.561   u4/count[31]_Dclk_scale[31]_equal_3_o
                                                       u4/Mcompar_count[31]_Dclk_scale[31]_equal_3_o_lut<5>
                                                       u4/Mcompar_count[31]_Dclk_scale[31]_equal_3_o_cy<5>
    SLICE_X26Y72.SR      net (fanout=9)        1.473   u4/count[31]_Dclk_scale[31]_equal_3_o
    SLICE_X26Y72.CLK     Tsrck                 0.461   u4/count<3>
                                                       u4/count_2
    -------------------------------------------------  ---------------------------
    Total                                      5.995ns (2.763ns logic, 3.232ns route)
                                                       (46.1% logic, 53.9% route)

--------------------------------------------------------------------------------
Slack (setup path):     4.017ns (requirement - (data path - clock path skew + uncertainty))
  Source:               u4/count_0 (FF)
  Destination:          u4/count_2 (FF)
  Requirement:          10.000ns
  Data Path Delay:      5.948ns (Levels of Logic = 8)
  Clock Path Skew:      0.000ns
  Source Clock:         mCLK_BUFGP rising at 0.000ns
  Destination Clock:    mCLK_BUFGP rising at 10.000ns
  Clock Uncertainty:    0.035ns

  Clock Uncertainty:          0.035ns  ((TSJ^2 + TIJ^2)^1/2 + DJ) / 2 + PE
    Total System Jitter (TSJ):  0.070ns
    Total Input Jitter (TIJ):   0.000ns
    Discrete Jitter (DJ):       0.000ns
    Phase Error (PE):           0.000ns

  Maximum Data Path at Slow Process Corner: u4/count_0 to u4/count_2
    Location             Delay type         Delay(ns)  Physical Resource
                                                       Logical Resource(s)
    -------------------------------------------------  -------------------
    SLICE_X26Y72.AQ      Tcko                  0.525   u4/count<3>
                                                       u4/count_0
    SLICE_X24Y72.A2      net (fanout=2)        0.710   u4/count<0>
    SLICE_X24Y72.COUT    Topcya                0.472   u4/Madd_count[31]_GND_2_o_add_1_OUT_cy<3>
                                                       u4/Madd_count[31]_GND_2_o_add_1_OUT_lut<0>_INV_0
                                                       u4/Madd_count[31]_GND_2_o_add_1_OUT_cy<3>
    SLICE_X24Y73.CIN     net (fanout=1)        0.003   u4/Madd_count[31]_GND_2_o_add_1_OUT_cy<3>
    SLICE_X24Y73.COUT    Tbyp                  0.091   u4/Madd_count[31]_GND_2_o_add_1_OUT_cy<7>
                                                       u4/Madd_count[31]_GND_2_o_add_1_OUT_cy<7>
    SLICE_X24Y74.CIN     net (fanout=1)        0.003   u4/Madd_count[31]_GND_2_o_add_1_OUT_cy<7>
    SLICE_X24Y74.COUT    Tbyp                  0.091   u4/Madd_count[31]_GND_2_o_add_1_OUT_cy<11>
                                                       u4/Madd_count[31]_GND_2_o_add_1_OUT_cy<11>
    SLICE_X24Y75.CIN     net (fanout=1)        0.003   u4/Madd_count[31]_GND_2_o_add_1_OUT_cy<11>
    SLICE_X24Y75.COUT    Tbyp                  0.091   u4/Madd_count[31]_GND_2_o_add_1_OUT_cy<15>
                                                       u4/Madd_count[31]_GND_2_o_add_1_OUT_cy<15>
    SLICE_X24Y76.CIN     net (fanout=1)        0.003   u4/Madd_count[31]_GND_2_o_add_1_OUT_cy<15>
    SLICE_X24Y76.COUT    Tbyp                  0.091   u4/Madd_count[31]_GND_2_o_add_1_OUT_cy<19>
                                                       u4/Madd_count[31]_GND_2_o_add_1_OUT_cy<19>
    SLICE_X24Y77.CIN     net (fanout=1)        0.003   u4/Madd_count[31]_GND_2_o_add_1_OUT_cy<19>
    SLICE_X24Y77.COUT    Tbyp                  0.091   u4/Madd_count[31]_GND_2_o_add_1_OUT_cy<23>
                                                       u4/Madd_count[31]_GND_2_o_add_1_OUT_cy<23>
    SLICE_X24Y78.CIN     net (fanout=1)        0.003   u4/Madd_count[31]_GND_2_o_add_1_OUT_cy<23>
    SLICE_X24Y78.DMUX    Tcind                 0.289   u4/Madd_count[31]_GND_2_o_add_1_OUT_cy<27>
                                                       u4/Madd_count[31]_GND_2_o_add_1_OUT_cy<27>
    SLICE_X22Y76.A2      net (fanout=1)        0.955   u4/count[31]_GND_2_o_add_1_OUT<27>
    SLICE_X22Y76.BMUX    Topab                 0.590   u4/count[31]_Dclk_scale[31]_equal_3_o
                                                       u4/Mcompar_count[31]_Dclk_scale[31]_equal_3_o_lut<4>
                                                       u4/Mcompar_count[31]_Dclk_scale[31]_equal_3_o_cy<5>
    SLICE_X26Y72.SR      net (fanout=9)        1.473   u4/count[31]_Dclk_scale[31]_equal_3_o
    SLICE_X26Y72.CLK     Tsrck                 0.461   u4/count<3>
                                                       u4/count_2
    -------------------------------------------------  ---------------------------
    Total                                      5.948ns (2.792ns logic, 3.156ns route)
                                                       (46.9% logic, 53.1% route)

--------------------------------------------------------------------------------

Paths for end point u4/count_1 (SLICE_X26Y72.SR), 528 paths
--------------------------------------------------------------------------------
Slack (setup path):     3.887ns (requirement - (data path - clock path skew + uncertainty))
  Source:               u4/count_0 (FF)
  Destination:          u4/count_1 (FF)
  Requirement:          10.000ns
  Data Path Delay:      6.078ns (Levels of Logic = 9)
  Clock Path Skew:      0.000ns
  Source Clock:         mCLK_BUFGP rising at 0.000ns
  Destination Clock:    mCLK_BUFGP rising at 10.000ns
  Clock Uncertainty:    0.035ns

  Clock Uncertainty:          0.035ns  ((TSJ^2 + TIJ^2)^1/2 + DJ) / 2 + PE
    Total System Jitter (TSJ):  0.070ns
    Total Input Jitter (TIJ):   0.000ns
    Discrete Jitter (DJ):       0.000ns
    Phase Error (PE):           0.000ns

  Maximum Data Path at Slow Process Corner: u4/count_0 to u4/count_1
    Location             Delay type         Delay(ns)  Physical Resource
                                                       Logical Resource(s)
    -------------------------------------------------  -------------------
    SLICE_X26Y72.AQ      Tcko                  0.525   u4/count<3>
                                                       u4/count_0
    SLICE_X24Y72.A2      net (fanout=2)        0.710   u4/count<0>
    SLICE_X24Y72.COUT    Topcya                0.472   u4/Madd_count[31]_GND_2_o_add_1_OUT_cy<3>
                                                       u4/Madd_count[31]_GND_2_o_add_1_OUT_lut<0>_INV_0
                                                       u4/Madd_count[31]_GND_2_o_add_1_OUT_cy<3>
    SLICE_X24Y73.CIN     net (fanout=1)        0.003   u4/Madd_count[31]_GND_2_o_add_1_OUT_cy<3>
    SLICE_X24Y73.COUT    Tbyp                  0.091   u4/Madd_count[31]_GND_2_o_add_1_OUT_cy<7>
                                                       u4/Madd_count[31]_GND_2_o_add_1_OUT_cy<7>
    SLICE_X24Y74.CIN     net (fanout=1)        0.003   u4/Madd_count[31]_GND_2_o_add_1_OUT_cy<7>
    SLICE_X24Y74.COUT    Tbyp                  0.091   u4/Madd_count[31]_GND_2_o_add_1_OUT_cy<11>
                                                       u4/Madd_count[31]_GND_2_o_add_1_OUT_cy<11>
    SLICE_X24Y75.CIN     net (fanout=1)        0.003   u4/Madd_count[31]_GND_2_o_add_1_OUT_cy<11>
    SLICE_X24Y75.COUT    Tbyp                  0.091   u4/Madd_count[31]_GND_2_o_add_1_OUT_cy<15>
                                                       u4/Madd_count[31]_GND_2_o_add_1_OUT_cy<15>
    SLICE_X24Y76.CIN     net (fanout=1)        0.003   u4/Madd_count[31]_GND_2_o_add_1_OUT_cy<15>
    SLICE_X24Y76.COUT    Tbyp                  0.091   u4/Madd_count[31]_GND_2_o_add_1_OUT_cy<19>
                                                       u4/Madd_count[31]_GND_2_o_add_1_OUT_cy<19>
    SLICE_X24Y77.CIN     net (fanout=1)        0.003   u4/Madd_count[31]_GND_2_o_add_1_OUT_cy<19>
    SLICE_X24Y77.COUT    Tbyp                  0.091   u4/Madd_count[31]_GND_2_o_add_1_OUT_cy<23>
                                                       u4/Madd_count[31]_GND_2_o_add_1_OUT_cy<23>
    SLICE_X24Y78.CIN     net (fanout=1)        0.003   u4/Madd_count[31]_GND_2_o_add_1_OUT_cy<23>
    SLICE_X24Y78.COUT    Tbyp                  0.091   u4/Madd_count[31]_GND_2_o_add_1_OUT_cy<27>
                                                       u4/Madd_count[31]_GND_2_o_add_1_OUT_cy<27>
    SLICE_X24Y79.CIN     net (fanout=1)        0.003   u4/Madd_count[31]_GND_2_o_add_1_OUT_cy<27>
    SLICE_X24Y79.CMUX    Tcinc                 0.289   u4/count[31]_GND_2_o_add_1_OUT<31>
                                                       u4/Madd_count[31]_GND_2_o_add_1_OUT_xor<31>
    SLICE_X22Y76.B2      net (fanout=1)        1.031   u4/count[31]_GND_2_o_add_1_OUT<30>
    SLICE_X22Y76.BMUX    Topbb                 0.561   u4/count[31]_Dclk_scale[31]_equal_3_o
                                                       u4/Mcompar_count[31]_Dclk_scale[31]_equal_3_o_lut<5>
                                                       u4/Mcompar_count[31]_Dclk_scale[31]_equal_3_o_cy<5>
    SLICE_X26Y72.SR      net (fanout=9)        1.473   u4/count[31]_Dclk_scale[31]_equal_3_o
    SLICE_X26Y72.CLK     Tsrck                 0.450   u4/count<3>
                                                       u4/count_1
    -------------------------------------------------  ---------------------------
    Total                                      6.078ns (2.843ns logic, 3.235ns route)
                                                       (46.8% logic, 53.2% route)

--------------------------------------------------------------------------------
Slack (setup path):     3.968ns (requirement - (data path - clock path skew + uncertainty))
  Source:               u4/count_4 (FF)
  Destination:          u4/count_1 (FF)
  Requirement:          10.000ns
  Data Path Delay:      5.984ns (Levels of Logic = 8)
  Clock Path Skew:      -0.013ns (0.183 - 0.196)
  Source Clock:         mCLK_BUFGP rising at 0.000ns
  Destination Clock:    mCLK_BUFGP rising at 10.000ns
  Clock Uncertainty:    0.035ns

  Clock Uncertainty:          0.035ns  ((TSJ^2 + TIJ^2)^1/2 + DJ) / 2 + PE
    Total System Jitter (TSJ):  0.070ns
    Total Input Jitter (TIJ):   0.000ns
    Discrete Jitter (DJ):       0.000ns
    Phase Error (PE):           0.000ns

  Maximum Data Path at Slow Process Corner: u4/count_4 to u4/count_1
    Location             Delay type         Delay(ns)  Physical Resource
                                                       Logical Resource(s)
    -------------------------------------------------  -------------------
    SLICE_X26Y73.AQ      Tcko                  0.525   u4/count<7>
                                                       u4/count_4
    SLICE_X24Y73.A2      net (fanout=2)        0.710   u4/count<4>
    SLICE_X24Y73.COUT    Topcya                0.472   u4/Madd_count[31]_GND_2_o_add_1_OUT_cy<7>
                                                       u4/count<4>_rt
                                                       u4/Madd_count[31]_GND_2_o_add_1_OUT_cy<7>
    SLICE_X24Y74.CIN     net (fanout=1)        0.003   u4/Madd_count[31]_GND_2_o_add_1_OUT_cy<7>
    SLICE_X24Y74.COUT    Tbyp                  0.091   u4/Madd_count[31]_GND_2_o_add_1_OUT_cy<11>
                                                       u4/Madd_count[31]_GND_2_o_add_1_OUT_cy<11>
    SLICE_X24Y75.CIN     net (fanout=1)        0.003   u4/Madd_count[31]_GND_2_o_add_1_OUT_cy<11>
    SLICE_X24Y75.COUT    Tbyp                  0.091   u4/Madd_count[31]_GND_2_o_add_1_OUT_cy<15>
                                                       u4/Madd_count[31]_GND_2_o_add_1_OUT_cy<15>
    SLICE_X24Y76.CIN     net (fanout=1)        0.003   u4/Madd_count[31]_GND_2_o_add_1_OUT_cy<15>
    SLICE_X24Y76.COUT    Tbyp                  0.091   u4/Madd_count[31]_GND_2_o_add_1_OUT_cy<19>
                                                       u4/Madd_count[31]_GND_2_o_add_1_OUT_cy<19>
    SLICE_X24Y77.CIN     net (fanout=1)        0.003   u4/Madd_count[31]_GND_2_o_add_1_OUT_cy<19>
    SLICE_X24Y77.COUT    Tbyp                  0.091   u4/Madd_count[31]_GND_2_o_add_1_OUT_cy<23>
                                                       u4/Madd_count[31]_GND_2_o_add_1_OUT_cy<23>
    SLICE_X24Y78.CIN     net (fanout=1)        0.003   u4/Madd_count[31]_GND_2_o_add_1_OUT_cy<23>
    SLICE_X24Y78.COUT    Tbyp                  0.091   u4/Madd_count[31]_GND_2_o_add_1_OUT_cy<27>
                                                       u4/Madd_count[31]_GND_2_o_add_1_OUT_cy<27>
    SLICE_X24Y79.CIN     net (fanout=1)        0.003   u4/Madd_count[31]_GND_2_o_add_1_OUT_cy<27>
    SLICE_X24Y79.CMUX    Tcinc                 0.289   u4/count[31]_GND_2_o_add_1_OUT<31>
                                                       u4/Madd_count[31]_GND_2_o_add_1_OUT_xor<31>
    SLICE_X22Y76.B2      net (fanout=1)        1.031   u4/count[31]_GND_2_o_add_1_OUT<30>
    SLICE_X22Y76.BMUX    Topbb                 0.561   u4/count[31]_Dclk_scale[31]_equal_3_o
                                                       u4/Mcompar_count[31]_Dclk_scale[31]_equal_3_o_lut<5>
                                                       u4/Mcompar_count[31]_Dclk_scale[31]_equal_3_o_cy<5>
    SLICE_X26Y72.SR      net (fanout=9)        1.473   u4/count[31]_Dclk_scale[31]_equal_3_o
    SLICE_X26Y72.CLK     Tsrck                 0.450   u4/count<3>
                                                       u4/count_1
    -------------------------------------------------  ---------------------------
    Total                                      5.984ns (2.752ns logic, 3.232ns route)
                                                       (46.0% logic, 54.0% route)

--------------------------------------------------------------------------------
Slack (setup path):     4.028ns (requirement - (data path - clock path skew + uncertainty))
  Source:               u4/count_0 (FF)
  Destination:          u4/count_1 (FF)
  Requirement:          10.000ns
  Data Path Delay:      5.937ns (Levels of Logic = 8)
  Clock Path Skew:      0.000ns
  Source Clock:         mCLK_BUFGP rising at 0.000ns
  Destination Clock:    mCLK_BUFGP rising at 10.000ns
  Clock Uncertainty:    0.035ns

  Clock Uncertainty:          0.035ns  ((TSJ^2 + TIJ^2)^1/2 + DJ) / 2 + PE
    Total System Jitter (TSJ):  0.070ns
    Total Input Jitter (TIJ):   0.000ns
    Discrete Jitter (DJ):       0.000ns
    Phase Error (PE):           0.000ns

  Maximum Data Path at Slow Process Corner: u4/count_0 to u4/count_1
    Location             Delay type         Delay(ns)  Physical Resource
                                                       Logical Resource(s)
    -------------------------------------------------  -------------------
    SLICE_X26Y72.AQ      Tcko                  0.525   u4/count<3>
                                                       u4/count_0
    SLICE_X24Y72.A2      net (fanout=2)        0.710   u4/count<0>
    SLICE_X24Y72.COUT    Topcya                0.472   u4/Madd_count[31]_GND_2_o_add_1_OUT_cy<3>
                                                       u4/Madd_count[31]_GND_2_o_add_1_OUT_lut<0>_INV_0
                                                       u4/Madd_count[31]_GND_2_o_add_1_OUT_cy<3>
    SLICE_X24Y73.CIN     net (fanout=1)        0.003   u4/Madd_count[31]_GND_2_o_add_1_OUT_cy<3>
    SLICE_X24Y73.COUT    Tbyp                  0.091   u4/Madd_count[31]_GND_2_o_add_1_OUT_cy<7>
                                                       u4/Madd_count[31]_GND_2_o_add_1_OUT_cy<7>
    SLICE_X24Y74.CIN     net (fanout=1)        0.003   u4/Madd_count[31]_GND_2_o_add_1_OUT_cy<7>
    SLICE_X24Y74.COUT    Tbyp                  0.091   u4/Madd_count[31]_GND_2_o_add_1_OUT_cy<11>
                                                       u4/Madd_count[31]_GND_2_o_add_1_OUT_cy<11>
    SLICE_X24Y75.CIN     net (fanout=1)        0.003   u4/Madd_count[31]_GND_2_o_add_1_OUT_cy<11>
    SLICE_X24Y75.COUT    Tbyp                  0.091   u4/Madd_count[31]_GND_2_o_add_1_OUT_cy<15>
                                                       u4/Madd_count[31]_GND_2_o_add_1_OUT_cy<15>
    SLICE_X24Y76.CIN     net (fanout=1)        0.003   u4/Madd_count[31]_GND_2_o_add_1_OUT_cy<15>
    SLICE_X24Y76.COUT    Tbyp                  0.091   u4/Madd_count[31]_GND_2_o_add_1_OUT_cy<19>
                                                       u4/Madd_count[31]_GND_2_o_add_1_OUT_cy<19>
    SLICE_X24Y77.CIN     net (fanout=1)        0.003   u4/Madd_count[31]_GND_2_o_add_1_OUT_cy<19>
    SLICE_X24Y77.COUT    Tbyp                  0.091   u4/Madd_count[31]_GND_2_o_add_1_OUT_cy<23>
                                                       u4/Madd_count[31]_GND_2_o_add_1_OUT_cy<23>
    SLICE_X24Y78.CIN     net (fanout=1)        0.003   u4/Madd_count[31]_GND_2_o_add_1_OUT_cy<23>
    SLICE_X24Y78.DMUX    Tcind                 0.289   u4/Madd_count[31]_GND_2_o_add_1_OUT_cy<27>
                                                       u4/Madd_count[31]_GND_2_o_add_1_OUT_cy<27>
    SLICE_X22Y76.A2      net (fanout=1)        0.955   u4/count[31]_GND_2_o_add_1_OUT<27>
    SLICE_X22Y76.BMUX    Topab                 0.590   u4/count[31]_Dclk_scale[31]_equal_3_o
                                                       u4/Mcompar_count[31]_Dclk_scale[31]_equal_3_o_lut<4>
                                                       u4/Mcompar_count[31]_Dclk_scale[31]_equal_3_o_cy<5>
    SLICE_X26Y72.SR      net (fanout=9)        1.473   u4/count[31]_Dclk_scale[31]_equal_3_o
    SLICE_X26Y72.CLK     Tsrck                 0.450   u4/count<3>
                                                       u4/count_1
    -------------------------------------------------  ---------------------------
    Total                                      5.937ns (2.781ns logic, 3.156ns route)
                                                       (46.8% logic, 53.2% route)

--------------------------------------------------------------------------------

Hold Paths: NET "mCLK_BUFGP/IBUFG" PERIOD = 10 ns HIGH 50%;
--------------------------------------------------------------------------------

Paths for end point u4/count_31 (SLICE_X26Y79.D6), 1 path
--------------------------------------------------------------------------------
Slack (hold path):      0.523ns (requirement - (clock path skew + uncertainty - data path))
  Source:               u4/count_31 (FF)
  Destination:          u4/count_31 (FF)
  Requirement:          0.000ns
  Data Path Delay:      0.523ns (Levels of Logic = 1)
  Clock Path Skew:      0.000ns
  Source Clock:         mCLK_BUFGP rising at 10.000ns
  Destination Clock:    mCLK_BUFGP rising at 10.000ns
  Clock Uncertainty:    0.000ns

  Minimum Data Path at Fast Process Corner: u4/count_31 to u4/count_31
    Location             Delay type         Delay(ns)  Physical Resource
                                                       Logical Resource(s)
    -------------------------------------------------  -------------------
    SLICE_X26Y79.DQ      Tcko                  0.234   u4/count<31>
                                                       u4/count_31
    SLICE_X26Y79.D6      net (fanout=2)        0.025   u4/count<31>
    SLICE_X26Y79.CLK     Tah         (-Th)    -0.264   u4/count<31>
                                                       u4/count<31>_rt.1
                                                       u4/Mcount_count_xor<31>
                                                       u4/count_31
    -------------------------------------------------  ---------------------------
    Total                                      0.523ns (0.498ns logic, 0.025ns route)
                                                       (95.2% logic, 4.8% route)

--------------------------------------------------------------------------------

Paths for end point u0/count_31 (SLICE_X38Y67.D6), 1 path
--------------------------------------------------------------------------------
Slack (hold path):      0.524ns (requirement - (clock path skew + uncertainty - data path))
  Source:               u0/count_31 (FF)
  Destination:          u0/count_31 (FF)
  Requirement:          0.000ns
  Data Path Delay:      0.524ns (Levels of Logic = 1)
  Clock Path Skew:      0.000ns
  Source Clock:         mCLK_BUFGP rising at 10.000ns
  Destination Clock:    mCLK_BUFGP rising at 10.000ns
  Clock Uncertainty:    0.000ns

  Minimum Data Path at Fast Process Corner: u0/count_31 to u0/count_31
    Location             Delay type         Delay(ns)  Physical Resource
                                                       Logical Resource(s)
    -------------------------------------------------  -------------------
    SLICE_X38Y67.DQ      Tcko                  0.234   u0/count<31>
                                                       u0/count_31
    SLICE_X38Y67.D6      net (fanout=2)        0.026   u0/count<31>
    SLICE_X38Y67.CLK     Tah         (-Th)    -0.264   u0/count<31>
                                                       u0/count<31>_rt.1
                                                       u0/Mcount_count_xor<31>
                                                       u0/count_31
    -------------------------------------------------  ---------------------------
    Total                                      0.524ns (0.498ns logic, 0.026ns route)
                                                       (95.0% logic, 5.0% route)

--------------------------------------------------------------------------------

Paths for end point u4/count_1 (SLICE_X26Y72.B5), 1 path
--------------------------------------------------------------------------------
Slack (hold path):      0.537ns (requirement - (clock path skew + uncertainty - data path))
  Source:               u4/count_1 (FF)
  Destination:          u4/count_1 (FF)
  Requirement:          0.000ns
  Data Path Delay:      0.537ns (Levels of Logic = 1)
  Clock Path Skew:      0.000ns
  Source Clock:         mCLK_BUFGP rising at 10.000ns
  Destination Clock:    mCLK_BUFGP rising at 10.000ns
  Clock Uncertainty:    0.000ns

  Minimum Data Path at Fast Process Corner: u4/count_1 to u4/count_1
    Location             Delay type         Delay(ns)  Physical Resource
                                                       Logical Resource(s)
    -------------------------------------------------  -------------------
    SLICE_X26Y72.BQ      Tcko                  0.234   u4/count<3>
                                                       u4/count_1
    SLICE_X26Y72.B5      net (fanout=2)        0.066   u4/count<1>
    SLICE_X26Y72.CLK     Tah         (-Th)    -0.237   u4/count<3>
                                                       u4/count<1>_rt.1
                                                       u4/Mcount_count_cy<3>
                                                       u4/count_1
    -------------------------------------------------  ---------------------------
    Total                                      0.537ns (0.471ns logic, 0.066ns route)
                                                       (87.7% logic, 12.3% route)

--------------------------------------------------------------------------------

Component Switching Limit Checks: NET "mCLK_BUFGP/IBUFG" PERIOD = 10 ns HIGH 50%;
--------------------------------------------------------------------------------
Slack: 7.334ns (period - min period limit)
  Period: 10.000ns
  Min period limit: 2.666ns (375.094MHz) (Tbcper_I)
  Physical resource: mCLK_BUFGP/BUFG/I0
  Logical resource: mCLK_BUFGP/BUFG/I0
  Location pin: BUFGMUX_X2Y11.I0
  Clock network: mCLK_BUFGP/IBUFG
--------------------------------------------------------------------------------
Slack: 9.520ns (period - min period limit)
  Period: 10.000ns
  Min period limit: 0.480ns (2083.333MHz) (Tcp)
  Physical resource: u0/count<3>/CLK
  Logical resource: u0/count_0/CK
  Location pin: SLICE_X38Y60.CLK
  Clock network: mCLK_BUFGP
--------------------------------------------------------------------------------
Slack: 9.520ns (period - min period limit)
  Period: 10.000ns
  Min period limit: 0.480ns (2083.333MHz) (Tcp)
  Physical resource: u0/count<3>/CLK
  Logical resource: u0/count_1/CK
  Location pin: SLICE_X38Y60.CLK
  Clock network: mCLK_BUFGP
--------------------------------------------------------------------------------


All constraints were met.


Data Sheet report:
-----------------
All values displayed in nanoseconds (ns)

Clock to Setup on destination clock mCLK
---------------+---------+---------+---------+---------+
               | Src:Rise| Src:Fall| Src:Rise| Src:Fall|
Source Clock   |Dest:Rise|Dest:Rise|Dest:Fall|Dest:Fall|
---------------+---------+---------+---------+---------+
mCLK           |    6.133|         |         |         |
---------------+---------+---------+---------+---------+


Timing summary:
---------------

Timing errors: 0  Score: 0  (Setup/Max: 0, Hold: 0)

Constraints cover 35906 paths, 0 nets, and 261 connections

Design statistics:
   Minimum period:   6.133ns{1}   (Maximum frequency: 163.052MHz)


------------------------------------Footnotes-----------------------------------
1)  The minimum period statistic assumes all single cycle delays.

Analysis completed Wed Feb 26 08:58:22 2014 
--------------------------------------------------------------------------------

Trace Settings:
-------------------------
Trace Settings 

Peak Memory Usage: 269 MB



