Release 14.6 - xst P.68d (nt64)
Copyright (c) 1995-2013 Xilinx, Inc.  All rights reserved.
--> Parameter TMPDIR set to xst/projnav.tmp


Total REAL time to Xst completion: 1.00 secs
Total CPU time to Xst completion: 0.33 secs
 
--> Parameter xsthdpdir set to xst


Total REAL time to Xst completion: 1.00 secs
Total CPU time to Xst completion: 0.33 secs
 
--> Reading design: SINE.prj

TABLE OF CONTENTS
  1) Synthesis Options Summary
  2) HDL Parsing
  3) HDL Elaboration
  4) HDL Synthesis
       4.1) HDL Synthesis Report
  5) Advanced HDL Synthesis
       5.1) Advanced HDL Synthesis Report
  6) Low Level Synthesis
  7) Partition Report
  8) Design Summary
       8.1) Primitive and Black Box Usage
       8.2) Device utilization summary
       8.3) Partition Resource Summary
       8.4) Timing Report
            8.4.1) Clock Information
            8.4.2) Asynchronous Control Signals Information
            8.4.3) Timing Summary
            8.4.4) Timing Details
            8.4.5) Cross Clock Domains Report


=========================================================================
*                      Synthesis Options Summary                        *
=========================================================================
---- Source Parameters
Input File Name                    : "SINE.prj"
Ignore Synthesis Constraint File   : NO

---- Target Parameters
Output File Name                   : "SINE"
Output Format                      : NGC
Target Device                      : xc6slx45-2-csg484

---- Source Options
Top Module Name                    : SINE
Automatic FSM Extraction           : YES
FSM Encoding Algorithm             : Auto
Safe Implementation                : No
FSM Style                          : LUT
RAM Extraction                     : Yes
RAM Style                          : Auto
ROM Extraction                     : Yes
Shift Register Extraction          : YES
ROM Style                          : Auto
Resource Sharing                   : YES
Asynchronous To Synchronous        : NO
Shift Register Minimum Size        : 2
Use DSP Block                      : Auto
Automatic Register Balancing       : No

---- Target Options
LUT Combining                      : Auto
Reduce Control Sets                : Auto
Add IO Buffers                     : YES
Global Maximum Fanout              : 100000
Add Generic Clock Buffer(BUFG)     : 16
Register Duplication               : YES
Optimize Instantiated Primitives   : NO
Use Clock Enable                   : Auto
Use Synchronous Set                : Auto
Use Synchronous Reset              : Auto
Pack IO Registers into IOBs        : Auto
Equivalent register Removal        : YES

---- General Options
Optimization Goal                  : Speed
Optimization Effort                : 1
Power Reduction                    : NO
Keep Hierarchy                     : No
Netlist Hierarchy                  : As_Optimized
RTL Output                         : Yes
Global Optimization                : AllClockNets
Read Cores                         : YES
Write Timing Constraints           : NO
Cross Clock Analysis               : NO
Hierarchy Separator                : /
Bus Delimiter                      : <>
Case Specifier                     : Maintain
Slice Utilization Ratio            : 100
BRAM Utilization Ratio             : 100
DSP48 Utilization Ratio            : 100
Auto BRAM Packing                  : NO
Slice Utilization Ratio Delta      : 5

---- Other Options
Cores Search Directories           : {"ipcore_dir"  }

=========================================================================


=========================================================================
*                          HDL Parsing                                  *
=========================================================================
Analyzing Verilog file "C:\Users\Cedric\Documents\SD.git\trunk\user_sandbox\Cedric\Simulation\BPSK_controller_Modulator\ipcore_dir\DDScompiler.v" into library work
Parsing module <DDScompiler>.
Analyzing Verilog file "C:\Users\Cedric\Documents\SD.git\trunk\user_sandbox\Cedric\Simulation\BPSK_controller_Modulator\SINE.v" into library work
Parsing module <SINE>.

=========================================================================
*                            HDL Elaboration                            *
=========================================================================

Elaborating module <SINE>.

Elaborating module <DDScompiler>.

=========================================================================
*                           HDL Synthesis                               *
=========================================================================

Synthesizing Unit <SINE>.
    Related source file is "C:\Users\Cedric\Documents\SD.git\trunk\user_sandbox\Cedric\Simulation\BPSK_controller_Modulator\SINE.v".
    Summary:
	no macro.
Unit <SINE> synthesized.

=========================================================================
HDL Synthesis Report

Found no macro
=========================================================================

=========================================================================
*                       Advanced HDL Synthesis                          *
=========================================================================

Reading core <ipcore_dir/DDScompiler.ngc>.
Reading Secure Unit <blk00000001>.
Loading core <DDScompiler> for timing and area information for instance <u0>.

=========================================================================
Advanced HDL Synthesis Report

Found no macro
=========================================================================

=========================================================================
*                         Low Level Synthesis                           *
=========================================================================

Optimizing unit <SINE> ...

Mapping all equations...
Building and optimizing final netlist ...
Found area constraint ratio of 100 (+ 5) on block SINE, actual ratio is 0.

Final Macro Processing ...

=========================================================================
Final Register Report

Found no macro
=========================================================================

=========================================================================
*                           Partition Report                            *
=========================================================================

Partition Implementation Status
-------------------------------

  No Partitions were found in this design.

-------------------------------

=========================================================================
*                            Design Summary                             *
=========================================================================

Top Level Output File Name         : SINE.ngc

Primitive and Black Box Usage:
------------------------------
# BELS                             : 174
#      GND                         : 2
#      INV                         : 2
#      LUT1                        : 3
#      LUT2                        : 50
#      LUT3                        : 12
#      LUT4                        : 2
#      MUXCY                       : 50
#      VCC                         : 1
#      XORCY                       : 52
# FlipFlops/Latches                : 108
#      FD                          : 1
#      FDE                         : 74
#      FDRE                        : 31
#      FDSE                        : 2
# RAMS                             : 1
#      RAMB16BWER                  : 1
# Shift Registers                  : 2
#      SRLC16E                     : 2
# Clock Buffers                    : 1
#      BUFGP                       : 1
# IO Buffers                       : 19
#      IBUF                        : 2
#      OBUF                        : 17

Device utilization summary:
---------------------------

Selected Device : 6slx45csg484-2 


Slice Logic Utilization: 
 Number of Slice Registers:             108  out of  54576     0%  
 Number of Slice LUTs:                   71  out of  27288     0%  
    Number used as Logic:                69  out of  27288     0%  
    Number used as Memory:                2  out of   6408     0%  
       Number used as SRL:                2

Slice Logic Distribution: 
 Number of LUT Flip Flop pairs used:    179
   Number with an unused Flip Flop:      71  out of    179    39%  
   Number with an unused LUT:           108  out of    179    60%  
   Number of fully used LUT-FF pairs:     0  out of    179     0%  
   Number of unique control sets:         0

IO Utilization: 
 Number of IOs:                          20
 Number of bonded IOBs:                  20  out of    320     6%  

Specific Feature Utilization:
 Number of Block RAM/FIFO:                1  out of    116     0%  
    Number using Block RAM only:          1
 Number of BUFG/BUFGCTRLs:                1  out of     16     6%  

---------------------------
Partition Resource Summary:
---------------------------

  No Partitions were found in this design.

---------------------------


=========================================================================
Timing Report

NOTE: THESE TIMING NUMBERS ARE ONLY A SYNTHESIS ESTIMATE.
      FOR ACCURATE TIMING INFORMATION PLEASE REFER TO THE TRACE REPORT
      GENERATED AFTER PLACE-and-ROUTE.

Clock Information:
------------------
-----------------------------------+------------------------+-------+
Clock Signal                       | Clock buffer(FF name)  | Load  |
-----------------------------------+------------------------+-------+
clk                                | BUFGP                  | 111   |
-----------------------------------+------------------------+-------+

Asynchronous Control Signals Information:
----------------------------------------
No asynchronous control signals found in this design

Timing Summary:
---------------
Speed Grade: -2

   Minimum period: 2.821ns (Maximum Frequency: 354.484MHz)
   Minimum input arrival time before clock: 5.168ns
   Maximum output required time after clock: 4.277ns
   Maximum combinational path delay: No path found

Timing Details:
---------------
All values displayed in nanoseconds (ns)

=========================================================================
Timing constraint: Default period analysis for Clock 'clk'
  Clock period: 2.821ns (frequency: 354.484MHz)
  Total number of paths / destination ports: 1360 / 155
-------------------------------------------------------------------------
Delay:               2.821ns (Levels of Logic = 1)
  Source:            sec_inst (FF)
  Destination:       sec_inst (FF)
  Source Clock:      clk rising
  Destination Clock: clk rising

  Data Path: sec_inst to sec_inst
                                Gate     Net
    Cell:in->out      fanout   Delay   Delay  Logical Name (Net Name)
    ----------------------------------------  ------------
     SEC:C->out            3   0.525   0.994  sec_inst (sec_net)
     SEC:in->out           3   0.235   0.765  sec_inst (sec_net)
     SEC:in                    0.302          sec_inst
    ----------------------------------------
    Total                      2.821ns (1.062ns logic, 1.759ns route)
                                       (37.6% logic, 62.4% route)

=========================================================================
Timing constraint: Default OFFSET IN BEFORE for Clock 'clk'
  Total number of paths / destination ports: 114 / 114
-------------------------------------------------------------------------
Offset:              5.168ns (Levels of Logic = 3)
  Source:            en (PAD)
  Destination:       sec_inst (FF)
  Destination Clock: clk rising

  Data Path: en to sec_inst
                                Gate     Net
    Cell:in->out      fanout   Delay   Delay  Logical Name (Net Name)
    ----------------------------------------  ------------
     IBUF:I->O           111   1.328   2.519  en_IBUF (en_IBUF)
     begin scope: 'u0:aclken'
     begin scope: 'u0/blk00000001:aclken'
     SEC:in->out           3   0.254   0.765  sec_inst (sec_net)
     SEC:in                    0.302          sec_inst
    ----------------------------------------
    Total                      5.168ns (1.884ns logic, 3.284ns route)
                                       (36.5% logic, 63.5% route)

=========================================================================
Timing constraint: Default OFFSET OUT AFTER for Clock 'clk'
  Total number of paths / destination ports: 17 / 17
-------------------------------------------------------------------------
Offset:              4.277ns (Levels of Logic = 2)
  Source:            sec_inst (FF)
  Destination:       sine_out<15> (PAD)
  Source Clock:      clk rising

  Data Path: sec_inst to sine_out<15>
                                Gate     Net
    Cell:in->out      fanout   Delay   Delay  Logical Name (Net Name)
    ----------------------------------------  ------------
     SEC:C->out            5   0.525   0.840  sec_inst (sec_net)
     end scope: 'u0/blk00000001:m_axis_data_tdata<15>'
     end scope: 'u0:m_axis_data_tdata<15>'
     OBUF:I->O                 2.912          sine_out_15_OBUF (sine_out<15>)
    ----------------------------------------
    Total                      4.277ns (3.437ns logic, 0.840ns route)
                                       (80.4% logic, 19.6% route)

=========================================================================

Cross Clock Domains Report:
--------------------------

Clock to Setup on destination clock clk
---------------+---------+---------+---------+---------+
               | Src:Rise| Src:Fall| Src:Rise| Src:Fall|
Source Clock   |Dest:Rise|Dest:Rise|Dest:Fall|Dest:Fall|
---------------+---------+---------+---------+---------+
clk            |    2.821|         |         |         |
---------------+---------+---------+---------+---------+

=========================================================================


Total REAL time to Xst completion: 50.00 secs
Total CPU time to Xst completion: 49.90 secs
 
--> 

Total memory usage is 290276 kilobytes

Number of errors   :    0 (   0 filtered)
Number of warnings :    0 (   0 filtered)
Number of infos    :    0 (   0 filtered)

